Archive member included to satisfy reference by file (symbol)

C:\Users\suraj\AppData\Local\Temp\arduino\sketches\362008CBD1389A227E4BBB59571B1A6A/..\..\cores\arduino_samd_arduino_zero_edbg_7791d84f5d6a565823454151bee24202\core.a(SERCOM.cpp.o)
                              C:\Users\suraj\AppData\Local\Temp\arduino\sketches\362008CBD1389A227E4BBB59571B1A6A\core\variant.cpp.o (SERCOM::SERCOM(Sercom*))
C:\Users\suraj\AppData\Local\Temp\arduino\sketches\362008CBD1389A227E4BBB59571B1A6A/..\..\cores\arduino_samd_arduino_zero_edbg_7791d84f5d6a565823454151bee24202\core.a(Uart.cpp.o)
                              C:\Users\suraj\AppData\Local\Temp\arduino\sketches\362008CBD1389A227E4BBB59571B1A6A\sketch\MAZESOLVER.ino.cpp.o (Uart::begin(unsigned long))
C:\Users\suraj\AppData\Local\Temp\arduino\sketches\362008CBD1389A227E4BBB59571B1A6A/..\..\cores\arduino_samd_arduino_zero_edbg_7791d84f5d6a565823454151bee24202\core.a(WInterrupts.c.o)
                              C:\Users\suraj\AppData\Local\Temp\arduino\sketches\362008CBD1389A227E4BBB59571B1A6A\sketch\MAZESOLVER.ino.cpp.o (attachInterrupt)
C:\Users\suraj\AppData\Local\Temp\arduino\sketches\362008CBD1389A227E4BBB59571B1A6A/..\..\cores\arduino_samd_arduino_zero_edbg_7791d84f5d6a565823454151bee24202\core.a(Print.cpp.o)
                              C:\Users\suraj\AppData\Local\Temp\arduino\sketches\362008CBD1389A227E4BBB59571B1A6A/..\..\cores\arduino_samd_arduino_zero_edbg_7791d84f5d6a565823454151bee24202\core.a(Uart.cpp.o) (arduino::Print::write(unsigned char const*, unsigned int))
C:\Users\suraj\AppData\Local\Temp\arduino\sketches\362008CBD1389A227E4BBB59571B1A6A/..\..\cores\arduino_samd_arduino_zero_edbg_7791d84f5d6a565823454151bee24202\core.a(String.cpp.o)
                              C:\Users\suraj\AppData\Local\Temp\arduino\sketches\362008CBD1389A227E4BBB59571B1A6A\sketch\MAZESOLVER.ino.cpp.o (arduino::String::~String())
C:\Users\suraj\AppData\Local\Temp\arduino\sketches\362008CBD1389A227E4BBB59571B1A6A/..\..\cores\arduino_samd_arduino_zero_edbg_7791d84f5d6a565823454151bee24202\core.a(dtostrf.c.o)
                              C:\Users\suraj\AppData\Local\Temp\arduino\sketches\362008CBD1389A227E4BBB59571B1A6A/..\..\cores\arduino_samd_arduino_zero_edbg_7791d84f5d6a565823454151bee24202\core.a(String.cpp.o) (dtostrf)
C:\Users\suraj\AppData\Local\Temp\arduino\sketches\362008CBD1389A227E4BBB59571B1A6A/..\..\cores\arduino_samd_arduino_zero_edbg_7791d84f5d6a565823454151bee24202\core.a(cortex_handlers.c.o)
                              (Reset_Handler)
C:\Users\suraj\AppData\Local\Temp\arduino\sketches\362008CBD1389A227E4BBB59571B1A6A/..\..\cores\arduino_samd_arduino_zero_edbg_7791d84f5d6a565823454151bee24202\core.a(delay.c.o)
                              C:\Users\suraj\AppData\Local\Temp\arduino\sketches\362008CBD1389A227E4BBB59571B1A6A\sketch\MAZESOLVER.ino.cpp.o (millis)
C:\Users\suraj\AppData\Local\Temp\arduino\sketches\362008CBD1389A227E4BBB59571B1A6A/..\..\cores\arduino_samd_arduino_zero_edbg_7791d84f5d6a565823454151bee24202\core.a(hooks.c.o)
                              C:\Users\suraj\AppData\Local\Temp\arduino\sketches\362008CBD1389A227E4BBB59571B1A6A/..\..\cores\arduino_samd_arduino_zero_edbg_7791d84f5d6a565823454151bee24202\core.a(delay.c.o) (yield)
C:\Users\suraj\AppData\Local\Temp\arduino\sketches\362008CBD1389A227E4BBB59571B1A6A/..\..\cores\arduino_samd_arduino_zero_edbg_7791d84f5d6a565823454151bee24202\core.a(itoa.c.o)
                              C:\Users\suraj\AppData\Local\Temp\arduino\sketches\362008CBD1389A227E4BBB59571B1A6A/..\..\cores\arduino_samd_arduino_zero_edbg_7791d84f5d6a565823454151bee24202\core.a(String.cpp.o) (ltoa)
C:\Users\suraj\AppData\Local\Temp\arduino\sketches\362008CBD1389A227E4BBB59571B1A6A/..\..\cores\arduino_samd_arduino_zero_edbg_7791d84f5d6a565823454151bee24202\core.a(main.cpp.o)
                              c:/users/suraj/appdata/local/arduino15/internal/arduino_arm-none-eabi-gcc_7-2017q4_7b7be9f526b2cb64/bin/../lib/gcc/arm-none-eabi/7.2.1/../../../../arm-none-eabi/lib/thumb/v6-m/crt0.o (main)
C:\Users\suraj\AppData\Local\Temp\arduino\sketches\362008CBD1389A227E4BBB59571B1A6A/..\..\cores\arduino_samd_arduino_zero_edbg_7791d84f5d6a565823454151bee24202\core.a(startup.c.o)
                              C:\Users\suraj\AppData\Local\Temp\arduino\sketches\362008CBD1389A227E4BBB59571B1A6A/..\..\cores\arduino_samd_arduino_zero_edbg_7791d84f5d6a565823454151bee24202\core.a(cortex_handlers.c.o) (SystemInit)
C:\Users\suraj\AppData\Local\Temp\arduino\sketches\362008CBD1389A227E4BBB59571B1A6A/..\..\cores\arduino_samd_arduino_zero_edbg_7791d84f5d6a565823454151bee24202\core.a(wiring.c.o)
                              C:\Users\suraj\AppData\Local\Temp\arduino\sketches\362008CBD1389A227E4BBB59571B1A6A/..\..\cores\arduino_samd_arduino_zero_edbg_7791d84f5d6a565823454151bee24202\core.a(main.cpp.o) (init)
[...]
Memory Configuration

Name             Origin             Length             Attributes
FLASH            0x00002000         0x0003e000         xr
RAM              0x20000000         0x00008000         xrw
*default*        0x00000000         0xffffffff

Linker script and memory map

LOAD c:/users/suraj/appdata/local/arduino15/internal/arduino_arm-none-eabi-gcc_7-2017q4_7b7be9f526b2cb64/bin/../lib/gcc/arm-none-eabi/7.2.1/thumb/v6-m/crti.o
LOAD c:/users/suraj/appdata/local/arduino15/internal/arduino_arm-none-eabi-gcc_7-2017q4_7b7be9f526b2cb64/bin/../lib/gcc/arm-none-eabi/7.2.1/thumb/v6-m/crtbegin.o
LOAD c:/users/suraj/appdata/local/arduino15/internal/arduino_arm-none-eabi-gcc_7-2017q4_7b7be9f526b2cb64/bin/../lib/gcc/arm-none-eabi/7.2.1/../../../../arm-none-eabi/lib/thumb/v6-m/crt0.o
LOAD C:\Users\suraj\AppData\Local\Temp\arduino\sketches\362008CBD1389A227E4BBB59571B1A6A\sketch\MAZESOLVER.ino.cpp.o
LOAD C:\Users\suraj\AppData\Local\Temp\arduino\sketches\362008CBD1389A227E4BBB59571B1A6A\libraries\Wire\Wire.cpp.o
LOAD C:\Users\suraj\AppData\Local\Temp\arduino\sketches\362008CBD1389A227E4BBB59571B1A6A\libraries\MPU6050_light\MPU6050_light.cpp.o
LOAD C:\Users\suraj\AppData\Local\Temp\arduino\sketches\362008CBD1389A227E4BBB59571B1A6A\core\variant.cpp.o
START GROUP
LOAD C:\Users\suraj\AppData\Local\Arduino15\internal\arduino_CMSIS_4.5.0_76692c4a49c5daba/CMSIS/Lib/GCC/\libarm_cortexM0l_math.a
LOAD C:\Users\suraj\AppData\Local\Temp\arduino\sketches\362008CBD1389A227E4BBB59571B1A6A/..\..\cores\arduino_samd_arduino_zero_edbg_7791d84f5d6a565823454151bee24202\core.a
END GROUP
LOAD c:/users/suraj/appdata/local/arduino15/internal/arduino_arm-none-eabi-gcc_7-2017q4_7b7be9f526b2cb64/bin/../lib/gcc/arm-none-eabi/7.2.1/../../../../arm-none-eabi/lib/thumb/v6-m\libstdc++_nano.a
LOAD c:/users/suraj/appdata/local/arduino15/internal/arduino_arm-none-eabi-gcc_7-2017q4_7b7be9f526b2cb64/bin/../lib/gcc/arm-none-eabi/7.2.1/../../../../arm-none-eabi/lib/thumb/v6-m\libm.a
START GROUP
LOAD c:/users/suraj/appdata/local/arduino15/internal/arduino_arm-none-eabi-gcc_7-2017q4_7b7be9f526b2cb64/bin/../lib/gcc/arm-none-eabi/7.2.1/thumb/v6-m\libgcc.a
LOAD c:/users/suraj/appdata/local/arduino15/internal/arduino_arm-none-eabi-gcc_7-2017q4_7b7be9f526b2cb64/bin/../lib/gcc/arm-none-eabi/7.2.1/../../../../arm-none-eabi/lib/thumb/v6-m\libc_nano.a
END GROUP
START GROUP
LOAD c:/users/suraj/appdata/local/arduino15/internal/arduino_arm-none-eabi-gcc_7-2017q4_7b7be9f526b2cb64/bin/../lib/gcc/arm-none-eabi/7.2.1/thumb/v6-m\libgcc.a
LOAD c:/users/suraj/appdata/local/arduino15/internal/arduino_arm-none-eabi-gcc_7-2017q4_7b7be9f526b2cb64/bin/../lib/gcc/arm-none-eabi/7.2.1/../../../../arm-none-eabi/lib/thumb/v6-m\libc_nano.a
LOAD c:/users/suraj/appdata/local/arduino15/internal/arduino_arm-none-eabi-gcc_7-2017q4_7b7be9f526b2cb64/bin/../lib/gcc/arm-none-eabi/7.2.1/../../../../arm-none-eabi/lib/thumb/v6-m\libnosys.a
END GROUP
START GROUP
LOAD c:/users/suraj/appdata/local/arduino15/internal/arduino_arm-none-eabi-gcc_7-2017q4_7b7be9f526b2cb64/bin/../lib/gcc/arm-none-eabi/7.2.1/thumb/v6-m\libgcc.a
LOAD c:/users/suraj/appdata/local/arduino15/internal/arduino_arm-none-eabi-gcc_7-2017q4_7b7be9f526b2cb64/bin/../lib/gcc/arm-none-eabi/7.2.1/../../../../arm-none-eabi/lib/thumb/v6-m\libc_nano.a
LOAD c:/users/suraj/appdata/local/arduino15/internal/arduino_arm-none-eabi-gcc_7-2017q4_7b7be9f526b2cb64/bin/../lib/gcc/arm-none-eabi/7.2.1/../../../../arm-none-eabi/lib/thumb/v6-m\libnosys.a
END GROUP
LOAD c:/users/suraj/appdata/local/arduino15/internal/arduino_arm-none-eabi-gcc_7-2017q4_7b7be9f526b2cb64/bin/../lib/gcc/arm-none-eabi/7.2.1/thumb/v6-m/crtend.o
LOAD c:/users/suraj/appdata/local/arduino15/internal/arduino_arm-none-eabi-gcc_7-2017q4_7b7be9f526b2cb64/bin/../lib/gcc/arm-none-eabi/7.2.1/thumb/v6-m/crtn.o

.text           0x00002000     0x7e54
                0x00002000                __text_start__ = .
 *(.sketch_boot)
                0x00002000                . = ALIGN (0x2000)
 *(.isr_vector)
 .isr_vector    0x00002000       0xb4 C:\Users\suraj\AppData\Local\Temp\arduino\sketches\362008CBD1389A227E4BBB59571B1A6A/..\..\cores\arduino_samd_arduino_zero_edbg_7791d84f5d6a565823454151bee24202\core.a(cortex_handlers.c.o)
                0x00002000                exception_table
 *(.text*)
 .text          0x000020b4       0x48 c:/users/suraj/appdata/local/arduino15/internal/arduino_arm-none-eabi-gcc_7-2017q4_7b7be9f526b2cb64/bin/../lib/gcc/arm-none-eabi/7.2.1/thumb/v6-m/crtbegin.o
 .text._Z13updateEncoderv
                0x000020fc       0x58 C:\Users\suraj\AppData\Local\Temp\arduino\sketches\362008CBD1389A227E4BBB59571B1A6A\sketch\MAZESOLVER.ino.cpp.o
                0x000020fc                updateEncoder()
 .text.__tcf_0  0x00002154       0x28 C:\Users\suraj\AppData\Local\Temp\arduino\sketches\362008CBD1389A227E4BBB59571B1A6A\sketch\MAZESOLVER.ino.cpp.o
 .text._Z13alterLEDstatev
                0x0000217c       0x18 C:\Users\suraj\AppData\Local\Temp\arduino\sketches\362008CBD1389A227E4BBB59571B1A6A\sketch\MAZESOLVER.ino.cpp.o
                0x0000217c                alterLEDstate()
 .text._Z5_beepv
                0x00002194       0x1a C:\Users\suraj\AppData\Local\Temp\arduino\sketches\362008CBD1389A227E4BBB59571B1A6A\sketch\MAZESOLVER.ino.cpp.o
                0x00002194                _beep()
 .text.loop     0x000021ae        0xa C:\Users\suraj\AppData\Local\Temp\arduino\sketches\362008CBD1389A227E4BBB59571B1A6A\sketch\MAZESOLVER.ino.cpp.o
                0x000021ae                loop
 .text._Z9enableISRv
                0x000021b8       0x20 C:\Users\suraj\AppData\Local\Temp\arduino\sketches\362008CBD1389A227E4BBB59571B1A6A\sketch\MAZESOLVER.ino.cpp.o
                0x000021b8                enableISR()
 .text._Z10disableISRv
                0x000021d8       0x10 C:\Users\suraj\AppData\Local\Temp\arduino\sketches\362008CBD1389A227E4BBB59571B1A6A\sketch\MAZESOLVER.ino.cpp.o
                0x000021d8                disableISR()
 .text._Z12resetEncoderv
                0x000021e8       0x18 C:\Users\suraj\AppData\Local\Temp\arduino\sketches\362008CBD1389A227E4BBB59571B1A6A\sketch\MAZESOLVER.ino.cpp.o
                0x000021e8                resetEncoder()
 .text._Z9moveMotorii
                0x00002200       0x78 C:\Users\suraj\AppData\Local\Temp\arduino\sketches\362008CBD1389A227E4BBB59571B1A6A\sketch\MAZESOLVER.ino.cpp.o
                0x00002200                moveMotor(int, int)
 .text._Z11setMotorIOsv
                0x00002278       0x42 C:\Users\suraj\AppData\Local\Temp\arduino\sketches\362008CBD1389A227E4BBB59571B1A6A\sketch\MAZESOLVER.ino.cpp.o
                0x00002278                setMotorIOs()
 *fill*         0x000022ba        0x2 
 .text._Z19moveStraightAlignedv
                0x000022bc       0xe8 C:\Users\suraj\AppData\Local\Temp\arduino\sketches\362008CBD1389A227E4BBB59571B1A6A\sketch\MAZESOLVER.ino.cpp.o
                0x000022bc                moveStraightAligned()
 .text._Z8beginMpuv
                0x000023a4       0x44 C:\Users\suraj\AppData\Local\Temp\arduino\sketches\362008CBD1389A227E4BBB59571B1A6A\sketch\MAZESOLVER.ino.cpp.o
                0x000023a4                beginMpu()
 .text._Z10detectTurnbb
                0x000023e8       0x30 C:\Users\suraj\AppData\Local\Temp\arduino\sketches\362008CBD1389A227E4BBB59571B1A6A\sketch\MAZESOLVER.ino.cpp.o
                0x000023e8                detectTurn(bool, bool)
 .text.startup._GLOBAL__sub_I_startX
                0x00002418       0x74 C:\Users\suraj\AppData\Local\Temp\arduino\sketches\362008CBD1389A227E4BBB59571B1A6A\sketch\MAZESOLVER.ino.cpp.o
 .text._Z9beginWirev
                0x0000248c       0x1c C:\Users\suraj\AppData\Local\Temp\arduino\sketches\362008CBD1389A227E4BBB59571B1A6A\sketch\MAZESOLVER.ino.cpp.o
                0x0000248c                beginWire()
 .text._Z13writeRegisterhh
                0x000024a8       0x2c C:\Users\suraj\AppData\Local\Temp\arduino\sketches\362008CBD1389A227E4BBB59571B1A6A\sketch\MAZESOLVER.ino.cpp.o
                0x000024a8                writeRegister(unsigned char, unsigned char)
 .text._Z8TCA9548Ah
                0x000024d4       0x28 C:\Users\suraj\AppData\Local\Temp\arduino\sketches\362008CBD1389A227E4BBB59571B1A6A\sketch\MAZESOLVER.ino.cpp.o
                0x000024d4                TCA9548A(unsigned char)
 .text._Z8initAPDSh
                0x000024fc       0x2c C:\Users\suraj\AppData\Local\Temp\arduino\sketches\362008CBD1389A227E4BBB59571B1A6A\sketch\MAZESOLVER.ino.cpp.o
                0x000024fc                initAPDS(unsigned char)
 .text._Z12readRegisterhh
                0x00002528       0x7c C:\Users\suraj\AppData\Local\Temp\arduino\sketches\362008CBD1389A227E4BBB59571B1A6A\sketch\MAZESOLVER.ino.cpp.o
                0x00002528                readRegister(unsigned char, unsigned char)
 .text._Z13readProximityh
                0x000025a4       0x18 C:\Users\suraj\AppData\Local\Temp\arduino\sketches\362008CBD1389A227E4BBB59571B1A6A\sketch\MAZESOLVER.ino.cpp.o
                0x000025a4                readProximity(unsigned char)
 .text._Z22updateProximitySensorsv
                0x000025bc       0xe0 C:\Users\suraj\AppData\Local\Temp\arduino\sketches\362008CBD1389A227E4BBB59571B1A6A\sketch\MAZESOLVER.ino.cpp.o
                0x000025bc                updateProximitySensors()
 .text._Z7turnBotiii
                0x0000269c      0x244 C:\Users\suraj\AppData\Local\Temp\arduino\sketches\362008CBD1389A227E4BBB59571B1A6A\sketch\MAZESOLVER.ino.cpp.o
                0x0000269c                turnBot(int, int, int)
 .text._Z7turnBotii
                0x000028e0        0xa C:\Users\suraj\AppData\Local\Temp\arduino\sketches\362008CBD1389A227E4BBB59571B1A6A\sketch\MAZESOLVER.ino.cpp.o
                0x000028e0                turnBot(int, int)
 *fill*         0x000028ea        0x2 
 .text._Z37moveStraightAlignedToDistanceForCurvef
                0x000028ec       0x88 C:\Users\suraj\AppData\Local\Temp\arduino\sketches\362008CBD1389A227E4BBB59571B1A6A\sketch\MAZESOLVER.ino.cpp.o
                0x000028ec                moveStraightAlignedToDistanceForCurve(float)
 .text._Z29moveStraightAlignedToDistancefbb
                0x00002974      0x108 C:\Users\suraj\AppData\Local\Temp\arduino\sketches\362008CBD1389A227E4BBB59571B1A6A\sketch\MAZESOLVER.ino.cpp.o
                0x00002974                moveStraightAlignedToDistance(float, bool, bool)
 .text._Z11updateWallsb
                0x00002a7c       0x68 C:\Users\suraj\AppData\Local\Temp\arduino\sketches\362008CBD1389A227E4BBB59571B1A6A\sketch\MAZESOLVER.ino.cpp.o
                0x00002a7c                updateWalls(bool)
 .text._Z10wallFollowi
                0x00002ae4      0x2a0 C:\Users\suraj\AppData\Local\Temp\arduino\sketches\362008CBD1389A227E4BBB59571B1A6A\sketch\MAZESOLVER.ino.cpp.o
                0x00002ae4                wallFollow(int)
 .text._Z9solveMazev
                0x00002d84        0xa C:\Users\suraj\AppData\Local\Temp\arduino\sketches\362008CBD1389A227E4BBB59571B1A6A\sketch\MAZESOLVER.ino.cpp.o
                0x00002d84                solveMaze()
 *fill*         0x00002d8e        0x2 
 .text._Z17waitForUserInput1v
                0x00002d90       0x38 C:\Users\suraj\AppData\Local\Temp\arduino\sketches\362008CBD1389A227E4BBB59571B1A6A\sketch\MAZESOLVER.ino.cpp.o
                0x00002d90                waitForUserInput1()
 .text._Z17waitForUserInput2v
                0x00002dc8       0xa0 C:\Users\suraj\AppData\Local\Temp\arduino\sketches\362008CBD1389A227E4BBB59571B1A6A\sketch\MAZESOLVER.ino.cpp.o
                0x00002dc8                waitForUserInput2()
 .text.setup    0x00002e68       0xd0 C:\Users\suraj\AppData\Local\Temp\arduino\sketches\362008CBD1389A227E4BBB59571B1A6A\sketch\MAZESOLVER.ino.cpp.o
                0x00002e68                setup
 .text._ZN7arduino5Print17availableForWriteEv
                0x00002f38        0x4 C:\Users\suraj\AppData\Local\Temp\arduino\sketches\362008CBD1389A227E4BBB59571B1A6A\libraries\Wire\Wire.cpp.o
                0x00002f38                arduino::Print::availableForWrite()
 .text._ZN7arduino7TwoWire11requestFromEhj
                0x00002f3c        0xc C:\Users\suraj\AppData\Local\Temp\arduino\sketches\362008CBD1389A227E4BBB59571B1A6A\libraries\Wire\Wire.cpp.o
                0x00002f3c                arduino::TwoWire::requestFrom(unsigned char, unsigned int)
 .text._ZN7arduino7TwoWire17beginTransmissionEh
                0x00002f48       0x18 C:\Users\suraj\AppData\Local\Temp\arduino\sketches\362008CBD1389A227E4BBB59571B1A6A\libraries\Wire\Wire.cpp.o
                0x00002f48                arduino::TwoWire::beginTransmission(unsigned char)
 .text._ZN7arduino7TwoWire15endTransmissionEv
                0x00002f60        0xc C:\Users\suraj\AppData\Local\Temp\arduino\sketches\362008CBD1389A227E4BBB59571B1A6A\libraries\Wire\Wire.cpp.o
                0x00002f60                arduino::TwoWire::endTransmission()
 .text._ZN7arduino7TwoWire5writeEPKhj
                0x00002f6c       0x24 C:\Users\suraj\AppData\Local\Temp\arduino\sketches\362008CBD1389A227E4BBB59571B1A6A\libraries\Wire\Wire.cpp.o
                0x00002f6c                arduino::TwoWire::write(unsigned char const*, unsigned int)
 .text._ZN7arduino7TwoWire9availableEv
                0x00002f90        0x6 C:\Users\suraj\AppData\Local\Temp\arduino\sketches\362008CBD1389A227E4BBB59571B1A6A\libraries\Wire\Wire.cpp.o
                0x00002f90                arduino::TwoWire::available()
 .text._ZN7arduino7TwoWire5flushEv
                0x00002f96        0x2 C:\Users\suraj\AppData\Local\Temp\arduino\sketches\362008CBD1389A227E4BBB59571B1A6A\libraries\Wire\Wire.cpp.o
                0x00002f96                arduino::TwoWire::flush()
 .text._ZN7arduino7TwoWire9onReceiveEPFviE
                0x00002f98        0x8 C:\Users\suraj\AppData\Local\Temp\arduino\sketches\362008CBD1389A227E4BBB59571B1A6A\libraries\Wire\Wire.cpp.o
                0x00002f98                arduino::TwoWire::onReceive(void (*)(int))
 .text._ZN7arduino7TwoWire9onRequestEPFvvE
                0x00002fa0        0x8 C:\Users\suraj\AppData\Local\Temp\arduino\sketches\362008CBD1389A227E4BBB59571B1A6A\libraries\Wire\Wire.cpp.o
                0x00002fa0                arduino::TwoWire::onRequest(void (*)())
 .text._ZN7arduino7TwoWire4peekEv
                0x00002fa8       0x18 C:\Users\suraj\AppData\Local\Temp\arduino\sketches\362008CBD1389A227E4BBB59571B1A6A\libraries\Wire\Wire.cpp.o
                0x00002fa8                arduino::TwoWire::peek()
 .text._ZN7arduino7TwoWire5beginEv
                0x00002fc0       0x40 C:\Users\suraj\AppData\Local\Temp\arduino\sketches\362008CBD1389A227E4BBB59571B1A6A\libraries\Wire\Wire.cpp.o
                0x00002fc0                arduino::TwoWire::begin()
 .text._ZN7arduino7TwoWire8setClockEm
                0x00003000       0x1c C:\Users\suraj\AppData\Local\Temp\arduino\sketches\362008CBD1389A227E4BBB59571B1A6A\libraries\Wire\Wire.cpp.o
                0x00003000                arduino::TwoWire::setClock(unsigned long)
 .text._ZN7arduino7TwoWire3endEv
                0x0000301c        0xa C:\Users\suraj\AppData\Local\Temp\arduino\sketches\362008CBD1389A227E4BBB59571B1A6A\libraries\Wire\Wire.cpp.o
                0x0000301c                arduino::TwoWire::end()
 *fill*         0x00003026        0x2 
 .text._ZN7arduino7TwoWireC2EP6SERCOMhh
                0x00003028       0x64 C:\Users\suraj\AppData\Local\Temp\arduino\sketches\362008CBD1389A227E4BBB59571B1A6A\libraries\Wire\Wire.cpp.o
                0x00003028                arduino::TwoWire::TwoWire(SERCOM*, unsigned char, unsigned char)
                0x00003028                arduino::TwoWire::TwoWire(SERCOM*, unsigned char, unsigned char)
 .text._ZN7arduino7TwoWire5beginEhb
                0x0000308c       0x38 C:\Users\suraj\AppData\Local\Temp\arduino\sketches\362008CBD1389A227E4BBB59571B1A6A\libraries\Wire\Wire.cpp.o
                0x0000308c                arduino::TwoWire::begin(unsigned char, bool)
 .text._ZN7arduino7TwoWire5beginEh
                0x000030c4        0xa C:\Users\suraj\AppData\Local\Temp\arduino\sketches\362008CBD1389A227E4BBB59571B1A6A\libraries\Wire\Wire.cpp.o
                0x000030c4                arduino::TwoWire::begin(unsigned char)
 .text._ZN7arduino11RingBufferNILi256EE10store_charEh
                0x000030ce       0x24 C:\Users\suraj\AppData\Local\Temp\arduino\sketches\362008CBD1389A227E4BBB59571B1A6A\libraries\Wire\Wire.cpp.o
                0x000030ce                arduino::RingBufferN<256>::store_char(unsigned char)
 .text._ZN7arduino7TwoWire11requestFromEhjb
                0x000030f2       0x90 C:\Users\suraj\AppData\Local\Temp\arduino\sketches\362008CBD1389A227E4BBB59571B1A6A\libraries\Wire\Wire.cpp.o
                0x000030f2                arduino::TwoWire::requestFrom(unsigned char, unsigned int, bool)
 .text._ZN7arduino7TwoWire5writeEh
                0x00003182       0x28 C:\Users\suraj\AppData\Local\Temp\arduino\sketches\362008CBD1389A227E4BBB59571B1A6A\libraries\Wire\Wire.cpp.o
                0x00003182                arduino::TwoWire::write(unsigned char)
 .text._ZN7arduino11RingBufferNILi256EE9read_charEv
                0x000031aa       0x24 C:\Users\suraj\AppData\Local\Temp\arduino\sketches\362008CBD1389A227E4BBB59571B1A6A\libraries\Wire\Wire.cpp.o
                0x000031aa                arduino::RingBufferN<256>::read_char()
 .text._ZN7arduino7TwoWire15endTransmissionEb
                0x000031ce       0x66 C:\Users\suraj\AppData\Local\Temp\arduino\sketches\362008CBD1389A227E4BBB59571B1A6A\libraries\Wire\Wire.cpp.o
                0x000031ce                arduino::TwoWire::endTransmission(bool)
 .text._ZN7arduino7TwoWire4readEv
                0x00003234        0xa C:\Users\suraj\AppData\Local\Temp\arduino\sketches\362008CBD1389A227E4BBB59571B1A6A\libraries\Wire\Wire.cpp.o
                0x00003234                arduino::TwoWire::read()
 .text._ZN7arduino7TwoWire9onServiceEv
                0x0000323e      0x114 C:\Users\suraj\AppData\Local\Temp\arduino\sketches\362008CBD1389A227E4BBB59571B1A6A\libraries\Wire\Wire.cpp.o
                0x0000323e                arduino::TwoWire::onService()
 *fill*         0x00003352        0x2 
 .text.SERCOM3_Handler
                0x00003354       0x10 C:\Users\suraj\AppData\Local\Temp\arduino\sketches\362008CBD1389A227E4BBB59571B1A6A\libraries\Wire\Wire.cpp.o
                0x00003354                SERCOM3_Handler
 .text.startup._GLOBAL__sub_I__ZN7arduino7TwoWireC2EP6SERCOMhh
                0x00003364       0x18 C:\Users\suraj\AppData\Local\Temp\arduino\sketches\362008CBD1389A227E4BBB59571B1A6A\libraries\Wire\Wire.cpp.o
 .text._ZN7MPU6050C2ERN7arduino7TwoWireE
                0x0000337c       0x24 C:\Users\suraj\AppData\Local\Temp\arduino\sketches\362008CBD1389A227E4BBB59571B1A6A\libraries\MPU6050_light\MPU6050_light.cpp.o
                0x0000337c                MPU6050::MPU6050(arduino::TwoWire&)
                0x0000337c                MPU6050::MPU6050(arduino::TwoWire&)
 .text._ZN7MPU60509writeDataEhh
                0x000033a0       0x30 C:\Users\suraj\AppData\Local\Temp\arduino\sketches\362008CBD1389A227E4BBB59571B1A6A\libraries\MPU6050_light\MPU6050_light.cpp.o
                0x000033a0                MPU6050::writeData(unsigned char, unsigned char)
 .text._ZN7MPU605013setGyroConfigEi
                0x000033d0       0x4c C:\Users\suraj\AppData\Local\Temp\arduino\sketches\362008CBD1389A227E4BBB59571B1A6A\libraries\MPU6050_light\MPU6050_light.cpp.o
                0x000033d0                MPU6050::setGyroConfig(int)
 .text._ZN7MPU605012setAccConfigEi
                0x0000341c       0x44 C:\Users\suraj\AppData\Local\Temp\arduino\sketches\362008CBD1389A227E4BBB59571B1A6A\libraries\MPU6050_light\MPU6050_light.cpp.o
                0x0000341c                MPU6050::setAccConfig(int)
 .text._ZN7MPU60509fetchDataEv
                0x00003460      0x128 C:\Users\suraj\AppData\Local\Temp\arduino\sketches\362008CBD1389A227E4BBB59571B1A6A\libraries\MPU6050_light\MPU6050_light.cpp.o
                0x00003460                MPU6050::fetchData()
 .text._ZN7MPU605011calcOffsetsEbb
                0x00003588       0xfc C:\Users\suraj\AppData\Local\Temp\arduino\sketches\362008CBD1389A227E4BBB59571B1A6A\libraries\MPU6050_light\MPU6050_light.cpp.o
                0x00003588                MPU6050::calcOffsets(bool, bool)
 .text._ZN7MPU60506updateEv
                0x00003684      0x280 C:\Users\suraj\AppData\Local\Temp\arduino\sketches\362008CBD1389A227E4BBB59571B1A6A\libraries\MPU6050_light\MPU6050_light.cpp.o
                0x00003684                MPU6050::update()
 .text._ZN7MPU60505beginEii
                0x00003904       0x4e C:\Users\suraj\AppData\Local\Temp\arduino\sketches\362008CBD1389A227E4BBB59571B1A6A\libraries\MPU6050_light\MPU6050_light.cpp.o
                0x00003904                MPU6050::begin(int, int)
 *fill*         0x00003952        0x2 
 .text.SERCOM0_Handler
                0x00003954       0x10 C:\Users\suraj\AppData\Local\Temp\arduino\sketches\362008CBD1389A227E4BBB59571B1A6A\core\variant.cpp.o
                0x00003954                SERCOM0_Handler
 .text.SERCOM5_Handler
                0x00003964       0x10 C:\Users\suraj\AppData\Local\Temp\arduino\sketches\362008CBD1389A227E4BBB59571B1A6A\core\variant.cpp.o
                0x00003964                SERCOM5_Handler
 .text.startup._GLOBAL__sub_I_g_APinDescription
                0x00003974       0x94 C:\Users\suraj\AppData\Local\Temp\arduino\sketches\362008CBD1389A227E4BBB59571B1A6A\core\variant.cpp.o
 .text._ZN6SERCOMC2EP6Sercom
                0x00003a08        0x8 C:\Users\suraj\AppData\Local\Temp\arduino\sketches\362008CBD1389A227E4BBB59571B1A6A/..\..\cores\arduino_samd_arduino_zero_edbg_7791d84f5d6a565823454151bee24202\core.a(SERCOM.cpp.o)
                0x00003a08                SERCOM::SERCOM(Sercom*)
                0x00003a08                SERCOM::SERCOM(Sercom*)
 .text._ZN6SERCOM9initFrameE18SercomUartCharSize15SercomDataOrder16SercomParityMode19SercomNumberStopBit
                0x00003a10       0x3a C:\Users\suraj\AppData\Local\Temp\arduino\sketches\362008CBD1389A227E4BBB59571B1A6A/..\..\cores\arduino_samd_arduino_zero_edbg_7791d84f5d6a565823454151bee24202\core.a(SERCOM.cpp.o)
                0x00003a10                SERCOM::initFrame(SercomUartCharSize, SercomDataOrder, SercomParityMode, SercomNumberStopBit)
 .text._ZN6SERCOM8initPadsE15SercomUartTXPad11SercomRXPad
                0x00003a4a       0x26 C:\Users\suraj\AppData\Local\Temp\arduino\sketches\362008CBD1389A227E4BBB59571B1A6A/..\..\cores\arduino_samd_arduino_zero_edbg_7791d84f5d6a565823454151bee24202\core.a(SERCOM.cpp.o)
                0x00003a4a                SERCOM::initPads(SercomUartTXPad, SercomRXPad)
 .text._ZN6SERCOM9resetUARTEv
                0x00003a70       0x1a C:\Users\suraj\AppData\Local\Temp\arduino\sketches\362008CBD1389A227E4BBB59571B1A6A/..\..\cores\arduino_samd_arduino_zero_edbg_7791d84f5d6a565823454151bee24202\core.a(SERCOM.cpp.o)
                0x00003a70                SERCOM::resetUART()
 .text._ZN6SERCOM10enableUARTEv
                0x00003a8a       0x14 C:\Users\suraj\AppData\Local\Temp\arduino\sketches\362008CBD1389A227E4BBB59571B1A6A/..\..\cores\arduino_samd_arduino_zero_edbg_7791d84f5d6a565823454151bee24202\core.a(SERCOM.cpp.o)
                0x00003a8a                SERCOM::enableUART()
 .text._ZN6SERCOM9flushUARTEv
                0x00003a9e       0x14 C:\Users\suraj\AppData\Local\Temp\arduino\sketches\362008CBD1389A227E4BBB59571B1A6A/..\..\cores\arduino_samd_arduino_zero_edbg_7791d84f5d6a565823454151bee24202\core.a(SERCOM.cpp.o)
                0x00003a9e                SERCOM::flushUART()
 .text._ZN6SERCOM15clearStatusUARTEv
                0x00003ab2        0x8 C:\Users\suraj\AppData\Local\Temp\arduino\sketches\362008CBD1389A227E4BBB59571B1A6A/..\..\cores\arduino_samd_arduino_zero_edbg_7791d84f5d6a565823454151bee24202\core.a(SERCOM.cpp.o)
                0x00003ab2                SERCOM::clearStatusUART()
 .text._ZN6SERCOM17availableDataUARTEv
                0x00003aba        0xa C:\Users\suraj\AppData\Local\Temp\arduino\sketches\362008CBD1389A227E4BBB59571B1A6A/..\..\cores\arduino_samd_arduino_zero_edbg_7791d84f5d6a565823454151bee24202\core.a(SERCOM.cpp.o)
                0x00003aba                SERCOM::availableDataUART()
 .text._ZN6SERCOM11isUARTErrorEv
                0x00003ac4        0x8 C:\Users\suraj\AppData\Local\Temp\arduino\sketches\362008CBD1389A227E4BBB59571B1A6A/..\..\cores\arduino_samd_arduino_zero_edbg_7791d84f5d6a565823454151bee24202\core.a(SERCOM.cpp.o)
                0x00003ac4                SERCOM::isUARTError()
 .text._ZN6SERCOM20acknowledgeUARTErrorEv
                0x00003acc        0xe C:\Users\suraj\AppData\Local\Temp\arduino\sketches\362008CBD1389A227E4BBB59571B1A6A/..\..\cores\arduino_samd_arduino_zero_edbg_7791d84f5d6a565823454151bee24202\core.a(SERCOM.cpp.o)
                0x00003acc                SERCOM::acknowledgeUARTError()
 .text._ZN6SERCOM16isFrameErrorUARTEv
                0x00003ada        0xa C:\Users\suraj\AppData\Local\Temp\arduino\sketches\362008CBD1389A227E4BBB59571B1A6A/..\..\cores\arduino_samd_arduino_zero_edbg_7791d84f5d6a565823454151bee24202\core.a(SERCOM.cpp.o)
                0x00003ada                SERCOM::isFrameErrorUART()
 .text._ZN6SERCOM19clearFrameErrorUARTEv
                0x00003ae4        0xc C:\Users\suraj\AppData\Local\Temp\arduino\sketches\362008CBD1389A227E4BBB59571B1A6A/..\..\cores\arduino_samd_arduino_zero_edbg_7791d84f5d6a565823454151bee24202\core.a(SERCOM.cpp.o)
                0x00003ae4                SERCOM::clearFrameErrorUART()
 .text._ZN6SERCOM23isDataRegisterEmptyUARTEv
                0x00003af0        0xa C:\Users\suraj\AppData\Local\Temp\arduino\sketches\362008CBD1389A227E4BBB59571B1A6A/..\..\cores\arduino_samd_arduino_zero_edbg_7791d84f5d6a565823454151bee24202\core.a(SERCOM.cpp.o)
                0x00003af0                SERCOM::isDataRegisterEmptyUART()
 .text._ZN6SERCOM12readDataUARTEv
                0x00003afa        0x8 C:\Users\suraj\AppData\Local\Temp\arduino\sketches\362008CBD1389A227E4BBB59571B1A6A/..\..\cores\arduino_samd_arduino_zero_edbg_7791d84f5d6a565823454151bee24202\core.a(SERCOM.cpp.o)
                0x00003afa                SERCOM::readDataUART()
 .text._ZN6SERCOM13writeDataUARTEh
                0x00003b02       0x14 C:\Users\suraj\AppData\Local\Temp\arduino\sketches\362008CBD1389A227E4BBB59571B1A6A/..\..\cores\arduino_samd_arduino_zero_edbg_7791d84f5d6a565823454151bee24202\core.a(SERCOM.cpp.o)
                0x00003b02                SERCOM::writeDataUART(unsigned char)
 .text._ZN6SERCOM36enableDataRegisterEmptyInterruptUARTEv
                0x00003b16        0x8 C:\Users\suraj\AppData\Local\Temp\arduino\sketches\362008CBD1389A227E4BBB59571B1A6A/..\..\cores\arduino_samd_arduino_zero_edbg_7791d84f5d6a565823454151bee24202\core.a(SERCOM.cpp.o)
                0x00003b16                SERCOM::enableDataRegisterEmptyInterruptUART()
 .text._ZN6SERCOM37disableDataRegisterEmptyInterruptUARTEv
                0x00003b1e        0x8 C:\Users\suraj\AppData\Local\Temp\arduino\sketches\362008CBD1389A227E4BBB59571B1A6A/..\..\cores\arduino_samd_arduino_zero_edbg_7791d84f5d6a565823454151bee24202\core.a(SERCOM.cpp.o)
                0x00003b1e                SERCOM::disableDataRegisterEmptyInterruptUART()
 .text._ZN6SERCOM9resetWIREEv
                0x00003b26       0x1a C:\Users\suraj\AppData\Local\Temp\arduino\sketches\362008CBD1389A227E4BBB59571B1A6A/..\..\cores\arduino_samd_arduino_zero_edbg_7791d84f5d6a565823454151bee24202\core.a(SERCOM.cpp.o)
                0x00003b26                SERCOM::resetWIRE()
 .text._ZN6SERCOM10enableWIREEv
                0x00003b40       0x2a C:\Users\suraj\AppData\Local\Temp\arduino\sketches\362008CBD1389A227E4BBB59571B1A6A/..\..\cores\arduino_samd_arduino_zero_edbg_7791d84f5d6a565823454151bee24202\core.a(SERCOM.cpp.o)
                0x00003b40                SERCOM::enableWIRE()
 .text._ZN6SERCOM11disableWIREEv
                0x00003b6a       0x14 C:\Users\suraj\AppData\Local\Temp\arduino\sketches\362008CBD1389A227E4BBB59571B1A6A/..\..\cores\arduino_samd_arduino_zero_edbg_7791d84f5d6a565823454151bee24202\core.a(SERCOM.cpp.o)
                0x00003b6a                SERCOM::disableWIRE()
 .text._ZN6SERCOM18prepareNackBitWIREEv
                0x00003b7e       0x10 C:\Users\suraj\AppData\Local\Temp\arduino\sketches\362008CBD1389A227E4BBB59571B1A6A/..\..\cores\arduino_samd_arduino_zero_edbg_7791d84f5d6a565823454151bee24202\core.a(SERCOM.cpp.o)
                0x00003b7e                SERCOM::prepareNackBitWIRE()
 *fill*         0x00003b8e        0x2 
 .text._ZN6SERCOM17prepareAckBitWIREEv
                0x00003b90       0x14 C:\Users\suraj\AppData\Local\Temp\arduino\sketches\362008CBD1389A227E4BBB59571B1A6A/..\..\cores\arduino_samd_arduino_zero_edbg_7791d84f5d6a565823454151bee24202\core.a(SERCOM.cpp.o)
                0x00003b90                SERCOM::prepareAckBitWIRE()
 .text._ZN6SERCOM22prepareCommandBitsWireEh
                0x00003ba4       0x2c C:\Users\suraj\AppData\Local\Temp\arduino\sketches\362008CBD1389A227E4BBB59571B1A6A/..\..\cores\arduino_samd_arduino_zero_edbg_7791d84f5d6a565823454151bee24202\core.a(SERCOM.cpp.o)
                0x00003ba4                SERCOM::prepareCommandBitsWire(unsigned char)
 .text._ZN6SERCOM21startTransmissionWIREEh23SercomWireReadWriteFlag
                0x00003bd0       0x84 C:\Users\suraj\AppData\Local\Temp\arduino\sketches\362008CBD1389A227E4BBB59571B1A6A/..\..\cores\arduino_samd_arduino_zero_edbg_7791d84f5d6a565823454151bee24202\core.a(SERCOM.cpp.o)
                0x00003bd0                SERCOM::startTransmissionWIRE(unsigned char, SercomWireReadWriteFlag)
 .text._ZN6SERCOM18sendDataMasterWIREEh
                0x00003c54       0x30 C:\Users\suraj\AppData\Local\Temp\arduino\sketches\362008CBD1389A227E4BBB59571B1A6A/..\..\cores\arduino_samd_arduino_zero_edbg_7791d84f5d6a565823454151bee24202\core.a(SERCOM.cpp.o)
                0x00003c54                SERCOM::sendDataMasterWIRE(unsigned char)
 .text._ZN6SERCOM17sendDataSlaveWIREEh
                0x00003c84       0x1c C:\Users\suraj\AppData\Local\Temp\arduino\sketches\362008CBD1389A227E4BBB59571B1A6A/..\..\cores\arduino_samd_arduino_zero_edbg_7791d84f5d6a565823454151bee24202\core.a(SERCOM.cpp.o)
                0x00003c84                SERCOM::sendDataSlaveWIRE(unsigned char)
 .text._ZN6SERCOM11isSlaveWIREEv
                0x00003ca0       0x12 C:\Users\suraj\AppData\Local\Temp\arduino\sketches\362008CBD1389A227E4BBB59571B1A6A/..\..\cores\arduino_samd_arduino_zero_edbg_7791d84f5d6a565823454151bee24202\core.a(SERCOM.cpp.o)
                0x00003ca0                SERCOM::isSlaveWIRE()
 .text._ZN6SERCOM14isBusOwnerWIREEv
                0x00003cb2       0x12 C:\Users\suraj\AppData\Local\Temp\arduino\sketches\362008CBD1389A227E4BBB59571B1A6A/..\..\cores\arduino_samd_arduino_zero_edbg_7791d84f5d6a565823454151bee24202\core.a(SERCOM.cpp.o)
                0x00003cb2                SERCOM::isBusOwnerWIRE()
 .text._ZN6SERCOM15isDataReadyWIREEv
                0x00003cc4        0xa C:\Users\suraj\AppData\Local\Temp\arduino\sketches\362008CBD1389A227E4BBB59571B1A6A/..\..\cores\arduino_samd_arduino_zero_edbg_7791d84f5d6a565823454151bee24202\core.a(SERCOM.cpp.o)
                0x00003cc4                SERCOM::isDataReadyWIRE()
 .text._ZN6SERCOM18isStopDetectedWIREEv
                0x00003cce        0xa C:\Users\suraj\AppData\Local\Temp\arduino\sketches\362008CBD1389A227E4BBB59571B1A6A/..\..\cores\arduino_samd_arduino_zero_edbg_7791d84f5d6a565823454151bee24202\core.a(SERCOM.cpp.o)
                0x00003cce                SERCOM::isStopDetectedWIRE()
 .text._ZN6SERCOM21isRestartDetectedWIREEv
                0x00003cd8        0xa C:\Users\suraj\AppData\Local\Temp\arduino\sketches\362008CBD1389A227E4BBB59571B1A6A/..\..\cores\arduino_samd_arduino_zero_edbg_7791d84f5d6a565823454151bee24202\core.a(SERCOM.cpp.o)
                0x00003cd8                SERCOM::isRestartDetectedWIRE()
 .text._ZN6SERCOM14isAddressMatchEv
                0x00003ce2        0xa C:\Users\suraj\AppData\Local\Temp\arduino\sketches\362008CBD1389A227E4BBB59571B1A6A/..\..\cores\arduino_samd_arduino_zero_edbg_7791d84f5d6a565823454151bee24202\core.a(SERCOM.cpp.o)
                0x00003ce2                SERCOM::isAddressMatch()
 .text._ZN6SERCOM25isMasterReadOperationWIREEv
                0x00003cec        0xa C:\Users\suraj\AppData\Local\Temp\arduino\sketches\362008CBD1389A227E4BBB59571B1A6A/..\..\cores\arduino_samd_arduino_zero_edbg_7791d84f5d6a565823454151bee24202\core.a(SERCOM.cpp.o)
                0x00003cec                SERCOM::isMasterReadOperationWIRE()
 .text._ZN6SERCOM12readDataWIREEv
                0x00003cf6       0x20 C:\Users\suraj\AppData\Local\Temp\arduino\sketches\362008CBD1389A227E4BBB59571B1A6A/..\..\cores\arduino_samd_arduino_zero_edbg_7791d84f5d6a565823454151bee24202\core.a(SERCOM.cpp.o)
                0x00003cf6                SERCOM::readDataWIRE()
 *fill*         0x00003d16        0x2 
 .text._ZN6SERCOM13initClockNVICEv
                0x00003d18       0xa8 C:\Users\suraj\AppData\Local\Temp\arduino\sketches\362008CBD1389A227E4BBB59571B1A6A/..\..\cores\arduino_samd_arduino_zero_edbg_7791d84f5d6a565823454151bee24202\core.a(SERCOM.cpp.o)
                0x00003d18                SERCOM::initClockNVIC()
 .text._ZN6SERCOM8initUARTE14SercomUartMode20SercomUartSampleRatem
                0x00003dc0       0x6c C:\Users\suraj\AppData\Local\Temp\arduino\sketches\362008CBD1389A227E4BBB59571B1A6A/..\..\cores\arduino_samd_arduino_zero_edbg_7791d84f5d6a565823454151bee24202\core.a(SERCOM.cpp.o)
                0x00003dc0                SERCOM::initUART(SercomUartMode, SercomUartSampleRate, unsigned long)
 .text._ZN6SERCOM13initSlaveWIREEhb
                0x00003e2c       0x4a C:\Users\suraj\AppData\Local\Temp\arduino\sketches\362008CBD1389A227E4BBB59571B1A6A/..\..\cores\arduino_samd_arduino_zero_edbg_7791d84f5d6a565823454151bee24202\core.a(SERCOM.cpp.o)
                0x00003e2c                SERCOM::initSlaveWIRE(unsigned char, bool)
 *fill*         0x00003e76        0x2 
 .text._ZN6SERCOM14initMasterWIREEm
                0x00003e78       0x54 C:\Users\suraj\AppData\Local\Temp\arduino\sketches\362008CBD1389A227E4BBB59571B1A6A/..\..\cores\arduino_samd_arduino_zero_edbg_7791d84f5d6a565823454151bee24202\core.a(SERCOM.cpp.o)
                0x00003e78                SERCOM::initMasterWIRE(unsigned long)
 .text._ZN4UartcvbEv
                0x00003ecc        0x4 C:\Users\suraj\AppData\Local\Temp\arduino\sketches\362008CBD1389A227E4BBB59571B1A6A/..\..\cores\arduino_samd_arduino_zero_edbg_7791d84f5d6a565823454151bee24202\core.a(Uart.cpp.o)
                0x00003ecc                Uart::operator bool()
 .text._ZN4Uart5beginEm
                0x00003ed0       0x10 C:\Users\suraj\AppData\Local\Temp\arduino\sketches\362008CBD1389A227E4BBB59571B1A6A/..\..\cores\arduino_samd_arduino_zero_edbg_7791d84f5d6a565823454151bee24202\core.a(Uart.cpp.o)
                0x00003ed0                Uart::begin(unsigned long)
 .text._ZN4Uart9availableEv
                0x00003ee0        0x6 C:\Users\suraj\AppData\Local\Temp\arduino\sketches\362008CBD1389A227E4BBB59571B1A6A/..\..\cores\arduino_samd_arduino_zero_edbg_7791d84f5d6a565823454151bee24202\core.a(Uart.cpp.o)
                0x00003ee0                Uart::available()
 .text._ZN4Uart17availableForWriteEv
                0x00003ee6       0x10 C:\Users\suraj\AppData\Local\Temp\arduino\sketches\362008CBD1389A227E4BBB59571B1A6A/..\..\cores\arduino_samd_arduino_zero_edbg_7791d84f5d6a565823454151bee24202\core.a(Uart.cpp.o)
                0x00003ee6                Uart::availableForWrite()
 .text._ZN4Uart4peekEv
                0x00003ef6       0x18 C:\Users\suraj\AppData\Local\Temp\arduino\sketches\362008CBD1389A227E4BBB59571B1A6A/..\..\cores\arduino_samd_arduino_zero_edbg_7791d84f5d6a565823454151bee24202\core.a(Uart.cpp.o)
                0x00003ef6                Uart::peek()
 .text._ZN4Uart3endEv
                0x00003f0e       0x24 C:\Users\suraj\AppData\Local\Temp\arduino\sketches\362008CBD1389A227E4BBB59571B1A6A/..\..\cores\arduino_samd_arduino_zero_edbg_7791d84f5d6a565823454151bee24202\core.a(Uart.cpp.o)
                0x00003f0e                Uart::end()
 .text._ZN4Uart5flushEv
                0x00003f32       0x16 C:\Users\suraj\AppData\Local\Temp\arduino\sketches\362008CBD1389A227E4BBB59571B1A6A/..\..\cores\arduino_samd_arduino_zero_edbg_7791d84f5d6a565823454151bee24202\core.a(Uart.cpp.o)
                0x00003f32                Uart::flush()
 .text._ZN7__GuardD2Ev
                0x00003f48        0xe C:\Users\suraj\AppData\Local\Temp\arduino\sketches\362008CBD1389A227E4BBB59571B1A6A/..\..\cores\arduino_samd_arduino_zero_edbg_7791d84f5d6a565823454151bee24202\core.a(Uart.cpp.o)
                0x00003f48                __Guard::~__Guard()
                0x00003f48                __Guard::~__Guard()
 .text._ZN4Uart16extractNbStopBitEt
                0x00003f56        0xc C:\Users\suraj\AppData\Local\Temp\arduino\sketches\362008CBD1389A227E4BBB59571B1A6A/..\..\cores\arduino_samd_arduino_zero_edbg_7791d84f5d6a565823454151bee24202\core.a(Uart.cpp.o)
                0x00003f56                Uart::extractNbStopBit(unsigned short)
 .text._ZN4Uart15extractCharSizeEt
                0x00003f62       0x28 C:\Users\suraj\AppData\Local\Temp\arduino\sketches\362008CBD1389A227E4BBB59571B1A6A/..\..\cores\arduino_samd_arduino_zero_edbg_7791d84f5d6a565823454151bee24202\core.a(Uart.cpp.o)
                0x00003f62                Uart::extractCharSize(unsigned short)
 .text._ZN4Uart13extractParityEt
                0x00003f8a       0x14 C:\Users\suraj\AppData\Local\Temp\arduino\sketches\362008CBD1389A227E4BBB59571B1A6A/..\..\cores\arduino_samd_arduino_zero_edbg_7791d84f5d6a565823454151bee24202\core.a(Uart.cpp.o)
                0x00003f8a                Uart::extractParity(unsigned short)
 *fill*         0x00003f9e        0x2 
 .text._ZN4Uart5beginEmt
                0x00003fa0       0xf8 C:\Users\suraj\AppData\Local\Temp\arduino\sketches\362008CBD1389A227E4BBB59571B1A6A/..\..\cores\arduino_samd_arduino_zero_edbg_7791d84f5d6a565823454151bee24202\core.a(Uart.cpp.o)
                0x00003fa0                Uart::begin(unsigned long, unsigned short)
 .text._ZN7arduino11RingBufferNILi256EEC2Ev
                0x00004098       0x1e C:\Users\suraj\AppData\Local\Temp\arduino\sketches\362008CBD1389A227E4BBB59571B1A6A/..\..\cores\arduino_samd_arduino_zero_edbg_7791d84f5d6a565823454151bee24202\core.a(Uart.cpp.o)
                0x00004098                arduino::RingBufferN<256>::RingBufferN()
                0x00004098                arduino::RingBufferN<256>::RingBufferN()
 *fill*         0x000040b6        0x2 
 .text._ZN4UartC2EP6SERCOMhh11SercomRXPad15SercomUartTXPad
                0x000040b8       0x74 C:\Users\suraj\AppData\Local\Temp\arduino\sketches\362008CBD1389A227E4BBB59571B1A6A/..\..\cores\arduino_samd_arduino_zero_edbg_7791d84f5d6a565823454151bee24202\core.a(Uart.cpp.o)
                0x000040b8                Uart::Uart(SERCOM*, unsigned char, unsigned char, SercomRXPad, SercomUartTXPad)
                0x000040b8                Uart::Uart(SERCOM*, unsigned char, unsigned char, SercomRXPad, SercomUartTXPad)
 .text._ZN7arduino15SafeRingBufferNILi256EE10store_charEh
                0x0000412c       0x4a C:\Users\suraj\AppData\Local\Temp\arduino\sketches\362008CBD1389A227E4BBB59571B1A6A/..\..\cores\arduino_samd_arduino_zero_edbg_7791d84f5d6a565823454151bee24202\core.a(Uart.cpp.o)
                0x0000412c                arduino::SafeRingBufferN<256>::store_char(unsigned char)
 .text._ZN7arduino15SafeRingBufferNILi256EE9read_charEv
                0x00004176       0x50 C:\Users\suraj\AppData\Local\Temp\arduino\sketches\362008CBD1389A227E4BBB59571B1A6A/..\..\cores\arduino_samd_arduino_zero_edbg_7791d84f5d6a565823454151bee24202\core.a(Uart.cpp.o)
                0x00004176                arduino::SafeRingBufferN<256>::read_char()
 .text._ZN4Uart10IrqHandlerEv
                0x000041c6       0xa4 C:\Users\suraj\AppData\Local\Temp\arduino\sketches\362008CBD1389A227E4BBB59571B1A6A/..\..\cores\arduino_samd_arduino_zero_edbg_7791d84f5d6a565823454151bee24202\core.a(Uart.cpp.o)
                0x000041c6                Uart::IrqHandler()
 *fill*         0x0000426a        0x2 
 .text._ZN4Uart5writeEh
                0x0000426c       0x9c C:\Users\suraj\AppData\Local\Temp\arduino\sketches\362008CBD1389A227E4BBB59571B1A6A/..\..\cores\arduino_samd_arduino_zero_edbg_7791d84f5d6a565823454151bee24202\core.a(Uart.cpp.o)
                0x0000426c                Uart::write(unsigned char)
 .text._ZN4Uart4readEv
                0x00004308       0x34 C:\Users\suraj\AppData\Local\Temp\arduino\sketches\362008CBD1389A227E4BBB59571B1A6A/..\..\cores\arduino_samd_arduino_zero_edbg_7791d84f5d6a565823454151bee24202\core.a(Uart.cpp.o)
                0x00004308                Uart::read()
 .text.attachInterrupt
                0x0000433c      0x130 C:\Users\suraj\AppData\Local\Temp\arduino\sketches\362008CBD1389A227E4BBB59571B1A6A/..\..\cores\arduino_samd_arduino_zero_edbg_7791d84f5d6a565823454151bee24202\core.a(WInterrupts.c.o)
                0x0000433c                attachInterrupt
 .text.detachInterrupt
                0x0000446c       0x74 C:\Users\suraj\AppData\Local\Temp\arduino\sketches\362008CBD1389A227E4BBB59571B1A6A/..\..\cores\arduino_samd_arduino_zero_edbg_7791d84f5d6a565823454151bee24202\core.a(WInterrupts.c.o)
                0x0000446c                detachInterrupt
 .text.EIC_Handler
                0x000044e0       0x3c C:\Users\suraj\AppData\Local\Temp\arduino\sketches\362008CBD1389A227E4BBB59571B1A6A/..\..\cores\arduino_samd_arduino_zero_edbg_7791d84f5d6a565823454151bee24202\core.a(WInterrupts.c.o)
                0x000044e0                EIC_Handler
 .text._ZN7arduino5Print5writeEPKhj
                0x0000451c       0x28 C:\Users\suraj\AppData\Local\Temp\arduino\sketches\362008CBD1389A227E4BBB59571B1A6A/..\..\cores\arduino_samd_arduino_zero_edbg_7791d84f5d6a565823454151bee24202\core.a(Print.cpp.o)
                0x0000451c                arduino::Print::write(unsigned char const*, unsigned int)
 .text._ZN7arduino5Print5writeEPKc.part.2
                0x00004544       0x1a C:\Users\suraj\AppData\Local\Temp\arduino\sketches\362008CBD1389A227E4BBB59571B1A6A/..\..\cores\arduino_samd_arduino_zero_edbg_7791d84f5d6a565823454151bee24202\core.a(Print.cpp.o)
 .text._ZN7arduino5Print5writeEPKc
                0x0000455e       0x10 C:\Users\suraj\AppData\Local\Temp\arduino\sketches\362008CBD1389A227E4BBB59571B1A6A/..\..\cores\arduino_samd_arduino_zero_edbg_7791d84f5d6a565823454151bee24202\core.a(Print.cpp.o)
                0x0000455e                arduino::Print::write(char const*)
 .text._ZN7arduino5Print5printEPKNS_19__FlashStringHelperE
                0x0000456e        0x8 C:\Users\suraj\AppData\Local\Temp\arduino\sketches\362008CBD1389A227E4BBB59571B1A6A/..\..\cores\arduino_samd_arduino_zero_edbg_7791d84f5d6a565823454151bee24202\core.a(Print.cpp.o)
                0x0000456e                arduino::Print::print(arduino::__FlashStringHelper const*)
 .text._ZN7arduino5Print5printERKNS_6StringE
                0x00004576        0xe C:\Users\suraj\AppData\Local\Temp\arduino\sketches\362008CBD1389A227E4BBB59571B1A6A/..\..\cores\arduino_samd_arduino_zero_edbg_7791d84f5d6a565823454151bee24202\core.a(Print.cpp.o)
                0x00004576                arduino::Print::print(arduino::String const&)
 .text._ZN7arduino5Print5printEPKc
                0x00004584        0x8 C:\Users\suraj\AppData\Local\Temp\arduino\sketches\362008CBD1389A227E4BBB59571B1A6A/..\..\cores\arduino_samd_arduino_zero_edbg_7791d84f5d6a565823454151bee24202\core.a(Print.cpp.o)
                0x00004584                arduino::Print::print(char const*)
 .text._ZN7arduino5Print5printEc
                0x0000458c        0xa C:\Users\suraj\AppData\Local\Temp\arduino\sketches\362008CBD1389A227E4BBB59571B1A6A/..\..\cores\arduino_samd_arduino_zero_edbg_7791d84f5d6a565823454151bee24202\core.a(Print.cpp.o)
                0x0000458c                arduino::Print::print(char)
 *fill*         0x00004596        0x2 
 .text._ZN7arduino5Print7printlnEv
                0x00004598       0x10 C:\Users\suraj\AppData\Local\Temp\arduino\sketches\362008CBD1389A227E4BBB59571B1A6A/..\..\cores\arduino_samd_arduino_zero_edbg_7791d84f5d6a565823454151bee24202\core.a(Print.cpp.o)
                0x00004598                arduino::Print::println()
 .text._ZN7arduino5Print7printlnEPKc
                0x000045a8       0x14 C:\Users\suraj\AppData\Local\Temp\arduino\sketches\362008CBD1389A227E4BBB59571B1A6A/..\..\cores\arduino_samd_arduino_zero_edbg_7791d84f5d6a565823454151bee24202\core.a(Print.cpp.o)
                0x000045a8                arduino::Print::println(char const*)
 .text._ZN7arduino5Print11printNumberEmh
                0x000045bc       0x48 C:\Users\suraj\AppData\Local\Temp\arduino\sketches\362008CBD1389A227E4BBB59571B1A6A/..\..\cores\arduino_samd_arduino_zero_edbg_7791d84f5d6a565823454151bee24202\core.a(Print.cpp.o)
                0x000045bc                arduino::Print::printNumber(unsigned long, unsigned char)
 .text._ZN7arduino5Print5printEli
                0x00004604       0x3e C:\Users\suraj\AppData\Local\Temp\arduino\sketches\362008CBD1389A227E4BBB59571B1A6A/..\..\cores\arduino_samd_arduino_zero_edbg_7791d84f5d6a565823454151bee24202\core.a(Print.cpp.o)
                0x00004604                arduino::Print::print(long, int)
 .text._ZN7arduino5Print5printEii
                0x00004642        0x8 C:\Users\suraj\AppData\Local\Temp\arduino\sketches\362008CBD1389A227E4BBB59571B1A6A/..\..\cores\arduino_samd_arduino_zero_edbg_7791d84f5d6a565823454151bee24202\core.a(Print.cpp.o)
                0x00004642                arduino::Print::print(int, int)
 .text._ZN7arduino5Print5printEmi
                0x0000464a       0x18 C:\Users\suraj\AppData\Local\Temp\arduino\sketches\362008CBD1389A227E4BBB59571B1A6A/..\..\cores\arduino_samd_arduino_zero_edbg_7791d84f5d6a565823454151bee24202\core.a(Print.cpp.o)
                0x0000464a                arduino::Print::print(unsigned long, int)
 .text._ZN7arduino5Print7printlnEhi
                0x00004662       0x14 C:\Users\suraj\AppData\Local\Temp\arduino\sketches\362008CBD1389A227E4BBB59571B1A6A/..\..\cores\arduino_samd_arduino_zero_edbg_7791d84f5d6a565823454151bee24202\core.a(Print.cpp.o)
                0x00004662                arduino::Print::println(unsigned char, int)
 .text._ZN7arduino6StringD2Ev
                0x00004676       0x12 C:\Users\suraj\AppData\Local\Temp\arduino\sketches\362008CBD1389A227E4BBB59571B1A6A/..\..\cores\arduino_samd_arduino_zero_edbg_7791d84f5d6a565823454151bee24202\core.a(String.cpp.o)
                0x00004676                arduino::String::~String()
                0x00004676                arduino::String::~String()
 .text._ZN7arduino6String10invalidateEv
                0x00004688       0x18 C:\Users\suraj\AppData\Local\Temp\arduino\sketches\362008CBD1389A227E4BBB59571B1A6A/..\..\cores\arduino_samd_arduino_zero_edbg_7791d84f5d6a565823454151bee24202\core.a(String.cpp.o)
                0x00004688                arduino::String::invalidate()
 .text._ZN7arduino6String12changeBufferEj
                0x000046a0       0x18 C:\Users\suraj\AppData\Local\Temp\arduino\sketches\362008CBD1389A227E4BBB59571B1A6A/..\..\cores\arduino_samd_arduino_zero_edbg_7791d84f5d6a565823454151bee24202\core.a(String.cpp.o)
                0x000046a0                arduino::String::changeBuffer(unsigned int)
 .text._ZN7arduino6String7reserveEj
                0x000046b8       0x2a C:\Users\suraj\AppData\Local\Temp\arduino\sketches\362008CBD1389A227E4BBB59571B1A6A/..\..\cores\arduino_samd_arduino_zero_edbg_7791d84f5d6a565823454151bee24202\core.a(String.cpp.o)
                0x000046b8                arduino::String::reserve(unsigned int)
 .text._ZN7arduino6String4copyEPKcj
                0x000046e2       0x32 C:\Users\suraj\AppData\Local\Temp\arduino\sketches\362008CBD1389A227E4BBB59571B1A6A/..\..\cores\arduino_samd_arduino_zero_edbg_7791d84f5d6a565823454151bee24202\core.a(String.cpp.o)
                0x000046e2                arduino::String::copy(char const*, unsigned int)
 .text._ZN7arduino6StringC2EPKc
                0x00004714       0x26 C:\Users\suraj\AppData\Local\Temp\arduino\sketches\362008CBD1389A227E4BBB59571B1A6A/..\..\cores\arduino_samd_arduino_zero_edbg_7791d84f5d6a565823454151bee24202\core.a(String.cpp.o)
                0x00004714                arduino::String::String(char const*)
                0x00004714                arduino::String::String(char const*)
 .text.Dummy_Handler
                0x0000473a        0x2 C:\Users\suraj\AppData\Local\Temp\arduino\sketches\362008CBD1389A227E4BBB59571B1A6A/..\..\cores\arduino_samd_arduino_zero_edbg_7791d84f5d6a565823454151bee24202\core.a(cortex_handlers.c.o)
                0x0000473a                DMAC_Handler
                0x0000473a                HardFault_Handler
                0x0000473a                AC_Handler
                0x0000473a                PendSV_Handler
                0x0000473a                NMI_Handler
                0x0000473a                TC7_Handler
                0x0000473a                SERCOM1_Handler
                0x0000473a                ADC_Handler
                0x0000473a                TCC1_Handler
                0x0000473a                SERCOM2_Handler
                0x0000473a                TCC0_Handler
                0x0000473a                RTC_Handler
                0x0000473a                TC6_Handler
                0x0000473a                WDT_Handler
                0x0000473a                TC4_Handler
                0x0000473a                TC3_Handler
                0x0000473a                Dummy_Handler
                0x0000473a                PM_Handler
                0x0000473a                SVC_Handler
                0x0000473a                TCC2_Handler
                0x0000473a                EVSYS_Handler
                0x0000473a                SERCOM4_Handler
                0x0000473a                I2S_Handler
                0x0000473a                NVMCTRL_Handler
                0x0000473a                DAC_Handler
                0x0000473a                PTC_Handler
                0x0000473a                SYSCTRL_Handler
 .text.USB_Handler
                0x0000473c       0x14 C:\Users\suraj\AppData\Local\Temp\arduino\sketches\362008CBD1389A227E4BBB59571B1A6A/..\..\cores\arduino_samd_arduino_zero_edbg_7791d84f5d6a565823454151bee24202\core.a(cortex_handlers.c.o)
                0x0000473c                USB_Handler
 .text.Reset_Handler
                0x00004750       0x54 C:\Users\suraj\AppData\Local\Temp\arduino\sketches\362008CBD1389A227E4BBB59571B1A6A/..\..\cores\arduino_samd_arduino_zero_edbg_7791d84f5d6a565823454151bee24202\core.a(cortex_handlers.c.o)
                0x00004750                Reset_Handler
 .text.SysTick_Handler
                0x000047a4       0x10 C:\Users\suraj\AppData\Local\Temp\arduino\sketches\362008CBD1389A227E4BBB59571B1A6A/..\..\cores\arduino_samd_arduino_zero_edbg_7791d84f5d6a565823454151bee24202\core.a(cortex_handlers.c.o)
                0x000047a4                SysTick_Handler
 .text.USB_SetHandler
                0x000047b4        0xc C:\Users\suraj\AppData\Local\Temp\arduino\sketches\362008CBD1389A227E4BBB59571B1A6A/..\..\cores\arduino_samd_arduino_zero_edbg_7791d84f5d6a565823454151bee24202\core.a(cortex_handlers.c.o)
                0x000047b4                USB_SetHandler
 .text.millis   0x000047c0        0xc C:\Users\suraj\AppData\Local\Temp\arduino\sketches\362008CBD1389A227E4BBB59571B1A6A/..\..\cores\arduino_samd_arduino_zero_edbg_7791d84f5d6a565823454151bee24202\core.a(delay.c.o)
                0x000047c0                millis
 .text.micros   0x000047cc       0x60 C:\Users\suraj\AppData\Local\Temp\arduino\sketches\362008CBD1389A227E4BBB59571B1A6A/..\..\cores\arduino_samd_arduino_zero_edbg_7791d84f5d6a565823454151bee24202\core.a(delay.c.o)
                0x000047cc                micros
 .text.delay    0x0000482c       0x30 C:\Users\suraj\AppData\Local\Temp\arduino\sketches\362008CBD1389A227E4BBB59571B1A6A/..\..\cores\arduino_samd_arduino_zero_edbg_7791d84f5d6a565823454151bee24202\core.a(delay.c.o)
                0x0000482c                delay
 .text.resetExternalChip
                0x0000485c        0x2 C:\Users\suraj\AppData\Local\Temp\arduino\sketches\362008CBD1389A227E4BBB59571B1A6A/..\..\cores\arduino_samd_arduino_zero_edbg_7791d84f5d6a565823454151bee24202\core.a(delay.c.o)
                0x0000485c                resetExternalChip
 *fill*         0x0000485e        0x2 
 .text.SysTick_DefaultHandler
                0x00004860       0x14 C:\Users\suraj\AppData\Local\Temp\arduino\sketches\362008CBD1389A227E4BBB59571B1A6A/..\..\cores\arduino_samd_arduino_zero_edbg_7791d84f5d6a565823454151bee24202\core.a(delay.c.o)
                0x00004860                SysTick_DefaultHandler
 .text.delayMicroseconds
                0x00004874       0x16 C:\Users\suraj\AppData\Local\Temp\arduino\sketches\362008CBD1389A227E4BBB59571B1A6A/..\..\cores\arduino_samd_arduino_zero_edbg_7791d84f5d6a565823454151bee24202\core.a(delay.c.o)
                0x00004874                delayMicroseconds
 .text.__empty  0x0000488a        0x2 C:\Users\suraj\AppData\Local\Temp\arduino\sketches\362008CBD1389A227E4BBB59571B1A6A/..\..\cores\arduino_samd_arduino_zero_edbg_7791d84f5d6a565823454151bee24202\core.a(hooks.c.o)
                0x0000488a                yield
 .text.__false  0x0000488c        0x4 C:\Users\suraj\AppData\Local\Temp\arduino\sketches\362008CBD1389A227E4BBB59571B1A6A/..\..\cores\arduino_samd_arduino_zero_edbg_7791d84f5d6a565823454151bee24202\core.a(hooks.c.o)
                0x0000488c                sysTickHook
 .text.initVariant
                0x00004890        0x2 C:\Users\suraj\AppData\Local\Temp\arduino\sketches\362008CBD1389A227E4BBB59571B1A6A/..\..\cores\arduino_samd_arduino_zero_edbg_7791d84f5d6a565823454151bee24202\core.a(main.cpp.o)
                0x00004890                initVariant
 *fill*         0x00004892        0x2 
 .text.startup.main
                0x00004894       0x40 C:\Users\suraj\AppData\Local\Temp\arduino\sketches\362008CBD1389A227E4BBB59571B1A6A/..\..\cores\arduino_samd_arduino_zero_edbg_7791d84f5d6a565823454151bee24202\core.a(main.cpp.o)
                0x00004894                main
 .text.SystemInit
                0x000048d4      0x160 C:\Users\suraj\AppData\Local\Temp\arduino\sketches\362008CBD1389A227E4BBB59571B1A6A/..\..\cores\arduino_samd_arduino_zero_edbg_7791d84f5d6a565823454151bee24202\core.a(startup.c.o)
                0x000048d4                SystemInit
 .text.init     0x00004a34       0xf0 C:\Users\suraj\AppData\Local\Temp\arduino\sketches\362008CBD1389A227E4BBB59571B1A6A/..\..\cores\arduino_samd_arduino_zero_edbg_7791d84f5d6a565823454151bee24202\core.a(wiring.c.o)
                0x00004a34                init
 .text.mapResolution
                0x00004b24       0x12 C:\Users\suraj\AppData\Local\Temp\arduino\sketches\362008CBD1389A227E4BBB59571B1A6A/..\..\cores\arduino_samd_arduino_zero_edbg_7791d84f5d6a565823454151bee24202\core.a(wiring_analog.c.o)
 *fill*         0x00004b36        0x2 
 .text.analogReference
                0x00004b38       0x64 C:\Users\suraj\AppData\Local\Temp\arduino\sketches\362008CBD1389A227E4BBB59571B1A6A/..\..\cores\arduino_samd_arduino_zero_edbg_7791d84f5d6a565823454151bee24202\core.a(wiring_analog.c.o)
                0x00004b38                analogReference
 .text.analogWrite
                0x00004b9c      0x1d4 C:\Users\suraj\AppData\Local\Temp\arduino\sketches\362008CBD1389A227E4BBB59571B1A6A/..\..\cores\arduino_samd_arduino_zero_edbg_7791d84f5d6a565823454151bee24202\core.a(wiring_analog.c.o)
                0x00004b9c                analogWrite
 .text.pinMode  0x00004d70       0x98 C:\Users\suraj\AppData\Local\Temp\arduino\sketches\362008CBD1389A227E4BBB59571B1A6A/..\..\cores\arduino_samd_arduino_zero_edbg_7791d84f5d6a565823454151bee24202\core.a(wiring_digital.c.o)
                0x00004d70                pinMode
 .text.digitalWrite
                0x00004e08       0x58 C:\Users\suraj\AppData\Local\Temp\arduino\sketches\362008CBD1389A227E4BBB59571B1A6A/..\..\cores\arduino_samd_arduino_zero_edbg_7791d84f5d6a565823454151bee24202\core.a(wiring_digital.c.o)
                0x00004e08                digitalWrite
 .text.digitalRead
                0x00004e60       0x30 C:\Users\suraj\AppData\Local\Temp\arduino\sketches\362008CBD1389A227E4BBB59571B1A6A/..\..\cores\arduino_samd_arduino_zero_edbg_7791d84f5d6a565823454151bee24202\core.a(wiring_digital.c.o)
                0x00004e60                digitalRead
 .text.pinPeripheral
                0x00004e90       0xc0 C:\Users\suraj\AppData\Local\Temp\arduino\sketches\362008CBD1389A227E4BBB59571B1A6A/..\..\cores\arduino_samd_arduino_zero_edbg_7791d84f5d6a565823454151bee24202\core.a(wiring_private.c.o)
                0x00004e90                pinPeripheral
 .text.initiateReset
                0x00004f50       0x14 C:\Users\suraj\AppData\Local\Temp\arduino\sketches\362008CBD1389A227E4BBB59571B1A6A/..\..\cores\arduino_samd_arduino_zero_edbg_7791d84f5d6a565823454151bee24202\core.a(Reset.cpp.o)
                0x00004f50                initiateReset
 .text.cancelReset
                0x00004f64       0x10 C:\Users\suraj\AppData\Local\Temp\arduino\sketches\362008CBD1389A227E4BBB59571B1A6A/..\..\cores\arduino_samd_arduino_zero_edbg_7791d84f5d6a565823454151bee24202\core.a(Reset.cpp.o)
                0x00004f64                cancelReset
 .text.tickReset
                0x00004f74       0x78 C:\Users\suraj\AppData\Local\Temp\arduino\sketches\362008CBD1389A227E4BBB59571B1A6A/..\..\cores\arduino_samd_arduino_zero_edbg_7791d84f5d6a565823454151bee24202\core.a(Reset.cpp.o)
                0x00004f74                tickReset
 .text._ZN26DoubleBufferedEPOutHandlerD2Ev
                0x00004fec        0x2 C:\Users\suraj\AppData\Local\Temp\arduino\sketches\362008CBD1389A227E4BBB59571B1A6A/..\..\cores\arduino_samd_arduino_zero_edbg_7791d84f5d6a565823454151bee24202\core.a(USBCore.cpp.o)
                0x00004fec                DoubleBufferedEPOutHandler::~DoubleBufferedEPOutHandler()
                0x00004fec                DoubleBufferedEPOutHandler::~DoubleBufferedEPOutHandler()
 .text._ZN26DoubleBufferedEPOutHandlerD0Ev
                0x00004fee        0xc C:\Users\suraj\AppData\Local\Temp\arduino\sketches\362008CBD1389A227E4BBB59571B1A6A/..\..\cores\arduino_samd_arduino_zero_edbg_7791d84f5d6a565823454151bee24202\core.a(USBCore.cpp.o)
                0x00004fee                DoubleBufferedEPOutHandler::~DoubleBufferedEPOutHandler()
 *fill*         0x00004ffa        0x2 
 .text._ZN14USBDeviceClass6initEPEmm.part.7
                0x00004ffc       0xc4 C:\Users\suraj\AppData\Local\Temp\arduino\sketches\362008CBD1389A227E4BBB59571B1A6A/..\..\cores\arduino_samd_arduino_zero_edbg_7791d84f5d6a565823454151bee24202\core.a(USBCore.cpp.o)
 .text._ZN7__GuardC2Ev
                0x000050c0        0xe C:\Users\suraj\AppData\Local\Temp\arduino\sketches\362008CBD1389A227E4BBB59571B1A6A/..\..\cores\arduino_samd_arduino_zero_edbg_7791d84f5d6a565823454151bee24202\core.a(USBCore.cpp.o)
                0x000050c0                __Guard::__Guard()
                0x000050c0                __Guard::__Guard()
 .text._ZNK26DoubleBufferedEPOutHandler10_availableEv
                0x000050ce       0x70 C:\Users\suraj\AppData\Local\Temp\arduino\sketches\362008CBD1389A227E4BBB59571B1A6A/..\..\cores\arduino_samd_arduino_zero_edbg_7791d84f5d6a565823454151bee24202\core.a(USBCore.cpp.o)
                0x000050ce                DoubleBufferedEPOutHandler::_available() const
 *fill*         0x0000513e        0x2 
 .text._ZN26DoubleBufferedEPOutHandler7releaseEv
                0x00005140       0x38 C:\Users\suraj\AppData\Local\Temp\arduino\sketches\362008CBD1389A227E4BBB59571B1A6A/..\..\cores\arduino_samd_arduino_zero_edbg_7791d84f5d6a565823454151bee24202\core.a(USBCore.cpp.o)
                0x00005140                DoubleBufferedEPOutHandler::release()
 .text._ZN26DoubleBufferedEPOutHandler14handleEndpointEv
                0x00005178       0xe2 C:\Users\suraj\AppData\Local\Temp\arduino\sketches\362008CBD1389A227E4BBB59571B1A6A/..\..\cores\arduino_samd_arduino_zero_edbg_7791d84f5d6a565823454151bee24202\core.a(USBCore.cpp.o)
                0x00005178                DoubleBufferedEPOutHandler::handleEndpoint()
 .text._ZN14USBDeviceClass14SendInterfacesEPm
                0x0000525a       0x20 C:\Users\suraj\AppData\Local\Temp\arduino\sketches\362008CBD1389A227E4BBB59571B1A6A/..\..\cores\arduino_samd_arduino_zero_edbg_7791d84f5d6a565823454151bee24202\core.a(USBCore.cpp.o)
                0x0000525a                USBDeviceClass::SendInterfaces(unsigned long*)
 *fill*         0x0000527a        0x2 
 .text._ZN14USBDeviceClass6attachEv
                0x0000527c       0x34 C:\Users\suraj\AppData\Local\Temp\arduino\sketches\362008CBD1389A227E4BBB59571B1A6A/..\..\cores\arduino_samd_arduino_zero_edbg_7791d84f5d6a565823454151bee24202\core.a(USBCore.cpp.o)
                0x0000527c                USBDeviceClass::attach()
 .text._ZN14USBDeviceClass10setAddressEm
                0x000052b0       0x48 C:\Users\suraj\AppData\Local\Temp\arduino\sketches\362008CBD1389A227E4BBB59571B1A6A/..\..\cores\arduino_samd_arduino_zero_edbg_7791d84f5d6a565823454151bee24202\core.a(USBCore.cpp.o)
                0x000052b0                USBDeviceClass::setAddress(unsigned long)
 .text._ZN14USBDeviceClass25handleClassInterfaceSetupERN7arduino8USBSetupE
                0x000052f8       0x24 C:\Users\suraj\AppData\Local\Temp\arduino\sketches\362008CBD1389A227E4BBB59571B1A6A/..\..\cores\arduino_samd_arduino_zero_edbg_7791d84f5d6a565823454151bee24202\core.a(USBCore.cpp.o)
                0x000052f8                USBDeviceClass::handleClassInterfaceSetup(arduino::USBSetup&)
 .text._ZN14USBDeviceClass6initEPEmm
                0x0000531c      0x10c C:\Users\suraj\AppData\Local\Temp\arduino\sketches\362008CBD1389A227E4BBB59571B1A6A/..\..\cores\arduino_samd_arduino_zero_edbg_7791d84f5d6a565823454151bee24202\core.a(USBCore.cpp.o)
                0x0000531c                USBDeviceClass::initEP(unsigned long, unsigned long)
 .text._ZN14USBDeviceClass13initEndpointsEv
                0x00005428       0x24 C:\Users\suraj\AppData\Local\Temp\arduino\sketches\362008CBD1389A227E4BBB59571B1A6A/..\..\cores\arduino_samd_arduino_zero_edbg_7791d84f5d6a565823454151bee24202\core.a(USBCore.cpp.o)
                0x00005428                USBDeviceClass::initEndpoints()
 .text._ZN14USBDeviceClass5clearEm
                0x0000544c       0x38 C:\Users\suraj\AppData\Local\Temp\arduino\sketches\362008CBD1389A227E4BBB59571B1A6A/..\..\cores\arduino_samd_arduino_zero_edbg_7791d84f5d6a565823454151bee24202\core.a(USBCore.cpp.o)
                0x0000544c                USBDeviceClass::clear(unsigned long)
 .text._ZN14USBDeviceClass9availableEm
                0x00005484       0x2c C:\Users\suraj\AppData\Local\Temp\arduino\sketches\362008CBD1389A227E4BBB59571B1A6A/..\..\cores\arduino_samd_arduino_zero_edbg_7791d84f5d6a565823454151bee24202\core.a(USBCore.cpp.o)
                0x00005484                USBDeviceClass::available(unsigned long)
 .text._ZN14USBDeviceClass5flushEm
                0x000054b0       0x2c C:\Users\suraj\AppData\Local\Temp\arduino\sketches\362008CBD1389A227E4BBB59571B1A6A/..\..\cores\arduino_samd_arduino_zero_edbg_7791d84f5d6a565823454151bee24202\core.a(USBCore.cpp.o)
                0x000054b0                USBDeviceClass::flush(unsigned long)
 .text._ZN14USBDeviceClass4recvEmPvm
                0x000054dc       0xdc C:\Users\suraj\AppData\Local\Temp\arduino\sketches\362008CBD1389A227E4BBB59571B1A6A/..\..\cores\arduino_samd_arduino_zero_edbg_7791d84f5d6a565823454151bee24202\core.a(USBCore.cpp.o)
                0x000054dc                USBDeviceClass::recv(unsigned long, void*, unsigned long)
 .text._ZN14USBDeviceClass4recvEm
                0x000055b8       0x1c C:\Users\suraj\AppData\Local\Temp\arduino\sketches\362008CBD1389A227E4BBB59571B1A6A/..\..\cores\arduino_samd_arduino_zero_edbg_7791d84f5d6a565823454151bee24202\core.a(USBCore.cpp.o)
                0x000055b8                USBDeviceClass::recv(unsigned long)
 .text._ZN14USBDeviceClass14armRecvCtrlOUTEm
                0x000055d4       0x5c C:\Users\suraj\AppData\Local\Temp\arduino\sketches\362008CBD1389A227E4BBB59571B1A6A/..\..\cores\arduino_samd_arduino_zero_edbg_7791d84f5d6a565823454151bee24202\core.a(USBCore.cpp.o)
                0x000055d4                USBDeviceClass::armRecvCtrlOUT(unsigned long)
 .text._ZN14USBDeviceClass11recvControlEPvm
                0x00005630       0x28 C:\Users\suraj\AppData\Local\Temp\arduino\sketches\362008CBD1389A227E4BBB59571B1A6A/..\..\cores\arduino_samd_arduino_zero_edbg_7791d84f5d6a565823454151bee24202\core.a(USBCore.cpp.o)
                0x00005630                USBDeviceClass::recvControl(void*, unsigned long)
 .text._ZN14USBDeviceClass4sendEmPKvm
                0x00005658      0x124 C:\Users\suraj\AppData\Local\Temp\arduino\sketches\362008CBD1389A227E4BBB59571B1A6A/..\..\cores\arduino_samd_arduino_zero_edbg_7791d84f5d6a565823454151bee24202\core.a(USBCore.cpp.o)
                0x00005658                USBDeviceClass::send(unsigned long, void const*, unsigned long)
 .text._ZN14USBDeviceClass7armSendEmPKvm
                0x0000577c       0x48 C:\Users\suraj\AppData\Local\Temp\arduino\sketches\362008CBD1389A227E4BBB59571B1A6A/..\..\cores\arduino_samd_arduino_zero_edbg_7791d84f5d6a565823454151bee24202\core.a(USBCore.cpp.o)
                0x0000577c                USBDeviceClass::armSend(unsigned long, void const*, unsigned long)
 .text._ZN14USBDeviceClass11sendControlEPKvm
                0x000057c4       0x54 C:\Users\suraj\AppData\Local\Temp\arduino\sketches\362008CBD1389A227E4BBB59571B1A6A/..\..\cores\arduino_samd_arduino_zero_edbg_7791d84f5d6a565823454151bee24202\core.a(USBCore.cpp.o)
                0x000057c4                USBDeviceClass::sendControl(void const*, unsigned long)
 .text._ZN14USBDeviceClass20sendStringDescriptorEPKhm
                0x00005818       0x64 C:\Users\suraj\AppData\Local\Temp\arduino\sketches\362008CBD1389A227E4BBB59571B1A6A/..\..\cores\arduino_samd_arduino_zero_edbg_7791d84f5d6a565823454151bee24202\core.a(USBCore.cpp.o)
                0x00005818                USBDeviceClass::sendStringDescriptor(unsigned char const*, unsigned long)
 .text._ZN14USBDeviceClass17sendConfigurationEm
                0x0000587c       0x80 C:\Users\suraj\AppData\Local\Temp\arduino\sketches\362008CBD1389A227E4BBB59571B1A6A/..\..\cores\arduino_samd_arduino_zero_edbg_7791d84f5d6a565823454151bee24202\core.a(USBCore.cpp.o)
                0x0000587c                USBDeviceClass::sendConfiguration(unsigned long)
 .text._ZN14USBDeviceClass14sendDescriptorERN7arduino8USBSetupE
                0x000058fc       0xd8 C:\Users\suraj\AppData\Local\Temp\arduino\sketches\362008CBD1389A227E4BBB59571B1A6A/..\..\cores\arduino_samd_arduino_zero_edbg_7791d84f5d6a565823454151bee24202\core.a(USBCore.cpp.o)
                0x000058fc                USBDeviceClass::sendDescriptor(arduino::USBSetup&)
 .text._ZN14USBDeviceClass7sendZlpEm
                0x000059d4       0x18 C:\Users\suraj\AppData\Local\Temp\arduino\sketches\362008CBD1389A227E4BBB59571B1A6A/..\..\cores\arduino_samd_arduino_zero_edbg_7791d84f5d6a565823454151bee24202\core.a(USBCore.cpp.o)
                0x000059d4                USBDeviceClass::sendZlp(unsigned long)
 .text._ZN14USBDeviceClass19handleStandardSetupERN7arduino8USBSetupE
                0x000059ec       0xf0 C:\Users\suraj\AppData\Local\Temp\arduino\sketches\362008CBD1389A227E4BBB59571B1A6A/..\..\cores\arduino_samd_arduino_zero_edbg_7791d84f5d6a565823454151bee24202\core.a(USBCore.cpp.o)
                0x000059ec                USBDeviceClass::handleStandardSetup(arduino::USBSetup&)
 .text._ZN14USBDeviceClass10ISRHandlerEv
                0x00005adc      0x150 C:\Users\suraj\AppData\Local\Temp\arduino\sketches\362008CBD1389A227E4BBB59571B1A6A/..\..\cores\arduino_samd_arduino_zero_edbg_7791d84f5d6a565823454151bee24202\core.a(USBCore.cpp.o)
                0x00005adc                USBDeviceClass::ISRHandler()
 .text.UDD_Handler
                0x00005c2c       0x10 C:\Users\suraj\AppData\Local\Temp\arduino\sketches\362008CBD1389A227E4BBB59571B1A6A/..\..\cores\arduino_samd_arduino_zero_edbg_7791d84f5d6a565823454151bee24202\core.a(USBCore.cpp.o)
                0x00005c2c                UDD_Handler
 .text._ZN7arduino13PluggableUSB_C2Ev
                0x00005c3c       0x10 C:\Users\suraj\AppData\Local\Temp\arduino\sketches\362008CBD1389A227E4BBB59571B1A6A/..\..\cores\arduino_samd_arduino_zero_edbg_7791d84f5d6a565823454151bee24202\core.a(USBCore.cpp.o)
                0x00005c3c                arduino::PluggableUSB_::PluggableUSB_()
                0x00005c3c                arduino::PluggableUSB_::PluggableUSB_()
 .text._Z8epBufferj
                0x00005c4c        0xc C:\Users\suraj\AppData\Local\Temp\arduino\sketches\362008CBD1389A227E4BBB59571B1A6A/..\..\cores\arduino_samd_arduino_zero_edbg_7791d84f5d6a565823454151bee24202\core.a(USBCore.cpp.o)
                0x00005c4c                epBuffer(unsigned int)
 .text._ZN7arduino11RingBufferNILi64EE10store_charEh
                0x00005c58       0x1c C:\Users\suraj\AppData\Local\Temp\arduino\sketches\362008CBD1389A227E4BBB59571B1A6A/..\..\cores\arduino_samd_arduino_zero_edbg_7791d84f5d6a565823454151bee24202\core.a(USBCore.cpp.o)
                0x00005c58                arduino::RingBufferN<64>::store_char(unsigned char)
 .text._ZN26DoubleBufferedEPOutHandler5_recvEv
                0x00005c74      0x15e C:\Users\suraj\AppData\Local\Temp\arduino\sketches\362008CBD1389A227E4BBB59571B1A6A/..\..\cores\arduino_samd_arduino_zero_edbg_7791d84f5d6a565823454151bee24202\core.a(USBCore.cpp.o)
                0x00005c74                DoubleBufferedEPOutHandler::_recv()
 .text._ZN26DoubleBufferedEPOutHandler9availableEv
                0x00005dd2        0xc C:\Users\suraj\AppData\Local\Temp\arduino\sketches\362008CBD1389A227E4BBB59571B1A6A/..\..\cores\arduino_samd_arduino_zero_edbg_7791d84f5d6a565823454151bee24202\core.a(USBCore.cpp.o)
                0x00005dd2                DoubleBufferedEPOutHandler::available()
 .text._ZN26DoubleBufferedEPOutHandler4peekEv
                0x00005dde       0x1c C:\Users\suraj\AppData\Local\Temp\arduino\sketches\362008CBD1389A227E4BBB59571B1A6A/..\..\cores\arduino_samd_arduino_zero_edbg_7791d84f5d6a565823454151bee24202\core.a(USBCore.cpp.o)
                0x00005dde                DoubleBufferedEPOutHandler::peek()
 .text._ZN26DoubleBufferedEPOutHandler4recvEPvm
                0x00005dfa       0x60 C:\Users\suraj\AppData\Local\Temp\arduino\sketches\362008CBD1389A227E4BBB59571B1A6A/..\..\cores\arduino_samd_arduino_zero_edbg_7791d84f5d6a565823454151bee24202\core.a(USBCore.cpp.o)
                0x00005dfa                DoubleBufferedEPOutHandler::recv(void*, unsigned long)
 *fill*         0x00005e5a        0x2 
 .text.startup._GLOBAL__sub_I_usbd
                0x00005e5c       0x10 C:\Users\suraj\AppData\Local\Temp\arduino\sketches\362008CBD1389A227E4BBB59571B1A6A/..\..\cores\arduino_samd_arduino_zero_edbg_7791d84f5d6a565823454151bee24202\core.a(USBCore.cpp.o)
 .text._ZN14USBDeviceClass4initEv
                0x00005e6c      0x18c C:\Users\suraj\AppData\Local\Temp\arduino\sketches\362008CBD1389A227E4BBB59571B1A6A/..\..\cores\arduino_samd_arduino_zero_edbg_7791d84f5d6a565823454151bee24202\core.a(USBCore.cpp.o)
                0x00005e6c                USBDeviceClass::init()
 .text._ZN7arduino13PluggableUSB_12getInterfaceEPh
                0x00005ff8       0x28 C:\Users\suraj\AppData\Local\Temp\arduino\sketches\362008CBD1389A227E4BBB59571B1A6A/..\..\cores\arduino_samd_arduino_zero_edbg_7791d84f5d6a565823454151bee24202\core.a(PluggableUSB.cpp.o)
                0x00005ff8                arduino::PluggableUSB_::getInterface(unsigned char*)
 .text._ZN7arduino13PluggableUSB_13getDescriptorERNS_8USBSetupE
                0x00006020       0x20 C:\Users\suraj\AppData\Local\Temp\arduino\sketches\362008CBD1389A227E4BBB59571B1A6A/..\..\cores\arduino_samd_arduino_zero_edbg_7791d84f5d6a565823454151bee24202\core.a(PluggableUSB.cpp.o)
                0x00006020                arduino::PluggableUSB_::getDescriptor(arduino::USBSetup&)
 .text._ZN7arduino13PluggableUSB_12getShortNameEPc
                0x00006040       0x1e C:\Users\suraj\AppData\Local\Temp\arduino\sketches\362008CBD1389A227E4BBB59571B1A6A/..\..\cores\arduino_samd_arduino_zero_edbg_7791d84f5d6a565823454151bee24202\core.a(PluggableUSB.cpp.o)
                0x00006040                arduino::PluggableUSB_::getShortName(char*)
 .text._ZN7arduino13PluggableUSB_5setupERNS_8USBSetupE
                0x0000605e       0x20 C:\Users\suraj\AppData\Local\Temp\arduino\sketches\362008CBD1389A227E4BBB59571B1A6A/..\..\cores\arduino_samd_arduino_zero_edbg_7791d84f5d6a565823454151bee24202\core.a(PluggableUSB.cpp.o)
                0x0000605e                arduino::PluggableUSB_::setup(arduino::USBSetup&)
 .text._ZN7arduino13PluggableUSB_4plugEPNS_18PluggableUSBModuleE
                0x0000607e       0x5c C:\Users\suraj\AppData\Local\Temp\arduino\sketches\362008CBD1389A227E4BBB59571B1A6A/..\..\cores\arduino_samd_arduino_zero_edbg_7791d84f5d6a565823454151bee24202\core.a(PluggableUSB.cpp.o)
                0x0000607e                arduino::PluggableUSB_::plug(arduino::PluggableUSBModule*)
 *fill*         0x000060da        0x2 
 .text._Z12PluggableUSBv
                0x000060dc       0x24 C:\Users\suraj\AppData\Local\Temp\arduino\sketches\362008CBD1389A227E4BBB59571B1A6A/..\..\cores\arduino_samd_arduino_zero_edbg_7791d84f5d6a565823454151bee24202\core.a(PluggableUSB.cpp.o)
                0x000060dc                PluggableUSB()
 .text._Znwj    0x00006100        0x8 C:\Users\suraj\AppData\Local\Temp\arduino\sketches\362008CBD1389A227E4BBB59571B1A6A/..\..\cores\arduino_samd_arduino_zero_edbg_7791d84f5d6a565823454151bee24202\core.a(new.cpp.o)
                0x00006100                operator new(unsigned int)
 .text._ZdlPv   0x00006108        0x8 C:\Users\suraj\AppData\Local\Temp\arduino\sketches\362008CBD1389A227E4BBB59571B1A6A/..\..\cores\arduino_samd_arduino_zero_edbg_7791d84f5d6a565823454151bee24202\core.a(new.cpp.o)
                0x00006108                operator delete(void*)
 .text._ZN7Serial_13getDescriptorERN7arduino8USBSetupE
                0x00006110        0x4 C:\Users\suraj\AppData\Local\Temp\arduino\sketches\362008CBD1389A227E4BBB59571B1A6A/..\..\cores\arduino_samd_arduino_zero_edbg_7791d84f5d6a565823454151bee24202\core.a(CDC.cpp.o)
                0x00006110                Serial_::getDescriptor(arduino::USBSetup&)
 .text._ZL5utox8mPc
                0x00006114       0x24 C:\Users\suraj\AppData\Local\Temp\arduino\sketches\362008CBD1389A227E4BBB59571B1A6A/..\..\cores\arduino_samd_arduino_zero_edbg_7791d84f5d6a565823454151bee24202\core.a(CDC.cpp.o)
 .text._ZN7Serial_12getShortNameEPc
                0x00006138       0x44 C:\Users\suraj\AppData\Local\Temp\arduino\sketches\362008CBD1389A227E4BBB59571B1A6A/..\..\cores\arduino_samd_arduino_zero_edbg_7791d84f5d6a565823454151bee24202\core.a(CDC.cpp.o)
                0x00006138                Serial_::getShortName(char*)
 .text._ZThn16_N7Serial_12getShortNameEPc
                0x0000617c       0x10 C:\Users\suraj\AppData\Local\Temp\arduino\sketches\362008CBD1389A227E4BBB59571B1A6A/..\..\cores\arduino_samd_arduino_zero_edbg_7791d84f5d6a565823454151bee24202\core.a(CDC.cpp.o)
                0x0000617c                non-virtual thunk to Serial_::getShortName(char*)
 .text._ZN7Serial_5beginEm
                0x0000618c        0x2 C:\Users\suraj\AppData\Local\Temp\arduino\sketches\362008CBD1389A227E4BBB59571B1A6A/..\..\cores\arduino_samd_arduino_zero_edbg_7791d84f5d6a565823454151bee24202\core.a(CDC.cpp.o)
                0x0000618c                Serial_::begin(unsigned long)
 .text._ZN7Serial_5beginEmt
                0x0000618e        0x2 C:\Users\suraj\AppData\Local\Temp\arduino\sketches\362008CBD1389A227E4BBB59571B1A6A/..\..\cores\arduino_samd_arduino_zero_edbg_7791d84f5d6a565823454151bee24202\core.a(CDC.cpp.o)
                0x0000618e                Serial_::begin(unsigned long, unsigned short)
 .text._ZN7Serial_17availableForWriteEv
                0x00006190        0x4 C:\Users\suraj\AppData\Local\Temp\arduino\sketches\362008CBD1389A227E4BBB59571B1A6A/..\..\cores\arduino_samd_arduino_zero_edbg_7791d84f5d6a565823454151bee24202\core.a(CDC.cpp.o)
                0x00006190                Serial_::availableForWrite()
 .text._ZN7Serial_5writeEh
                0x00006194       0x14 C:\Users\suraj\AppData\Local\Temp\arduino\sketches\362008CBD1389A227E4BBB59571B1A6A/..\..\cores\arduino_samd_arduino_zero_edbg_7791d84f5d6a565823454151bee24202\core.a(CDC.cpp.o)
                0x00006194                Serial_::write(unsigned char)
 .text._ZN7Serial_12getInterfaceEPh
                0x000061a8      0x11c C:\Users\suraj\AppData\Local\Temp\arduino\sketches\362008CBD1389A227E4BBB59571B1A6A/..\..\cores\arduino_samd_arduino_zero_edbg_7791d84f5d6a565823454151bee24202\core.a(CDC.cpp.o)
                0x000061a8                Serial_::getInterface(unsigned char*)
 .text._ZThn16_N7Serial_12getInterfaceEPh
                0x000062c4       0x10 C:\Users\suraj\AppData\Local\Temp\arduino\sketches\362008CBD1389A227E4BBB59571B1A6A/..\..\cores\arduino_samd_arduino_zero_edbg_7791d84f5d6a565823454151bee24202\core.a(CDC.cpp.o)
                0x000062c4                non-virtual thunk to Serial_::getInterface(unsigned char*)
 .text._ZN7Serial_5setupERN7arduino8USBSetupE
                0x000062d4       0x9c C:\Users\suraj\AppData\Local\Temp\arduino\sketches\362008CBD1389A227E4BBB59571B1A6A/..\..\cores\arduino_samd_arduino_zero_edbg_7791d84f5d6a565823454151bee24202\core.a(CDC.cpp.o)
                0x000062d4                Serial_::setup(arduino::USBSetup&)
 .text._ZThn16_N7Serial_5setupERN7arduino8USBSetupE
                0x00006370       0x10 C:\Users\suraj\AppData\Local\Temp\arduino\sketches\362008CBD1389A227E4BBB59571B1A6A/..\..\cores\arduino_samd_arduino_zero_edbg_7791d84f5d6a565823454151bee24202\core.a(CDC.cpp.o)
                0x00006370                non-virtual thunk to Serial_::setup(arduino::USBSetup&)
 .text._ZN7Serial_3endEv
                0x00006380        0xe C:\Users\suraj\AppData\Local\Temp\arduino\sketches\362008CBD1389A227E4BBB59571B1A6A/..\..\cores\arduino_samd_arduino_zero_edbg_7791d84f5d6a565823454151bee24202\core.a(CDC.cpp.o)
                0x00006380                Serial_::end()
 *fill*         0x0000638e        0x2 
 .text._ZN7Serial_9availableEv
                0x00006390       0x20 C:\Users\suraj\AppData\Local\Temp\arduino\sketches\362008CBD1389A227E4BBB59571B1A6A/..\..\cores\arduino_samd_arduino_zero_edbg_7791d84f5d6a565823454151bee24202\core.a(CDC.cpp.o)
                0x00006390                Serial_::available()
 .text._ZN7Serial_5flushEv
                0x000063b0        0xe C:\Users\suraj\AppData\Local\Temp\arduino\sketches\362008CBD1389A227E4BBB59571B1A6A/..\..\cores\arduino_samd_arduino_zero_edbg_7791d84f5d6a565823454151bee24202\core.a(CDC.cpp.o)
                0x000063b0                Serial_::flush()
 .text._ZN7Serial_5clearEv
                0x000063be        0xe C:\Users\suraj\AppData\Local\Temp\arduino\sketches\362008CBD1389A227E4BBB59571B1A6A/..\..\cores\arduino_samd_arduino_zero_edbg_7791d84f5d6a565823454151bee24202\core.a(CDC.cpp.o)
                0x000063be                Serial_::clear()
 .text._ZN7Serial_5writeEPKhj
                0x000063cc       0x1e C:\Users\suraj\AppData\Local\Temp\arduino\sketches\362008CBD1389A227E4BBB59571B1A6A/..\..\cores\arduino_samd_arduino_zero_edbg_7791d84f5d6a565823454151bee24202\core.a(CDC.cpp.o)
                0x000063cc                Serial_::write(unsigned char const*, unsigned int)
 *fill*         0x000063ea        0x2 
 .text._ZN7Serial_4peekEv
                0x000063ec       0x1c C:\Users\suraj\AppData\Local\Temp\arduino\sketches\362008CBD1389A227E4BBB59571B1A6A/..\..\cores\arduino_samd_arduino_zero_edbg_7791d84f5d6a565823454151bee24202\core.a(CDC.cpp.o)
                0x000063ec                Serial_::peek()
 .text._ZN7Serial_4readEv
                0x00006408       0x24 C:\Users\suraj\AppData\Local\Temp\arduino\sketches\362008CBD1389A227E4BBB59571B1A6A/..\..\cores\arduino_samd_arduino_zero_edbg_7791d84f5d6a565823454151bee24202\core.a(CDC.cpp.o)
                0x00006408                Serial_::read()
 .text._ZN7Serial_cvbEv
                0x0000642c       0x26 C:\Users\suraj\AppData\Local\Temp\arduino\sketches\362008CBD1389A227E4BBB59571B1A6A/..\..\cores\arduino_samd_arduino_zero_edbg_7791d84f5d6a565823454151bee24202\core.a(CDC.cpp.o)
                0x0000642c                Serial_::operator bool()
 .text._ZThn16_N7Serial_13getDescriptorERN7arduino8USBSetupE
                0x00006452        0x4 C:\Users\suraj\AppData\Local\Temp\arduino\sketches\362008CBD1389A227E4BBB59571B1A6A/..\..\cores\arduino_samd_arduino_zero_edbg_7791d84f5d6a565823454151bee24202\core.a(CDC.cpp.o)
                0x00006452                non-virtual thunk to Serial_::getDescriptor(arduino::USBSetup&)
 .text._ZN7Serial_14handleEndpointEi
                0x00006456        0x2 C:\Users\suraj\AppData\Local\Temp\arduino\sketches\362008CBD1389A227E4BBB59571B1A6A/..\..\cores\arduino_samd_arduino_zero_edbg_7791d84f5d6a565823454151bee24202\core.a(CDC.cpp.o)
                0x00006456                Serial_::handleEndpoint(int)
 .text._ZN7Serial_C2ER14USBDeviceClass
                0x00006458       0x5c C:\Users\suraj\AppData\Local\Temp\arduino\sketches\362008CBD1389A227E4BBB59571B1A6A/..\..\cores\arduino_samd_arduino_zero_edbg_7791d84f5d6a565823454151bee24202\core.a(CDC.cpp.o)
                0x00006458                Serial_::Serial_(USBDeviceClass&)
                0x00006458                Serial_::Serial_(USBDeviceClass&)
 .text._ZN7Serial_15enableInterruptEv
                0x000064b4       0x30 C:\Users\suraj\AppData\Local\Temp\arduino\sketches\362008CBD1389A227E4BBB59571B1A6A/..\..\cores\arduino_samd_arduino_zero_edbg_7791d84f5d6a565823454151bee24202\core.a(CDC.cpp.o)
                0x000064b4                Serial_::enableInterrupt()
 .text.startup._GLOBAL__sub_I__ZN7Serial_12getInterfaceEPh
                0x000064e4       0x14 C:\Users\suraj\AppData\Local\Temp\arduino\sketches\362008CBD1389A227E4BBB59571B1A6A/..\..\cores\arduino_samd_arduino_zero_edbg_7791d84f5d6a565823454151bee24202\core.a(CDC.cpp.o)
 .text.__aeabi_atexit
                0x000064f8        0xe c:/users/suraj/appdata/local/arduino15/internal/arduino_arm-none-eabi-gcc_7-2017q4_7b7be9f526b2cb64/bin/../lib/gcc/arm-none-eabi/7.2.1/../../../../arm-none-eabi/lib/thumb/v6-m\libstdc++_nano.a(atexit_arm.o)
                0x000064f8                __aeabi_atexit
 *fill*         0x00006506        0x2 
 .text.atan2f   0x00006508        0x8 c:/users/suraj/appdata/local/arduino15/internal/arduino_arm-none-eabi-gcc_7-2017q4_7b7be9f526b2cb64/bin/../lib/gcc/arm-none-eabi/7.2.1/../../../../arm-none-eabi/lib/thumb/v6-m\libm.a(lib_a-wf_atan2.o)
                0x00006508                atan2f
 .text.sqrtf    0x00006510       0xa4 c:/users/suraj/appdata/local/arduino15/internal/arduino_arm-none-eabi-gcc_7-2017q4_7b7be9f526b2cb64/bin/../lib/gcc/arm-none-eabi/7.2.1/../../../../arm-none-eabi/lib/thumb/v6-m\libm.a(lib_a-wf_sqrt.o)
                0x00006510                sqrtf
 .text.__ieee754_atan2f
                0x000065b4      0x128 c:/users/suraj/appdata/local/arduino15/internal/arduino_arm-none-eabi-gcc_7-2017q4_7b7be9f526b2cb64/bin/../lib/gcc/arm-none-eabi/7.2.1/../../../../arm-none-eabi/lib/thumb/v6-m\libm.a(lib_a-ef_atan2.o)
                0x000065b4                __ieee754_atan2f
 .text.__ieee754_sqrtf
                0x000066dc       0xb4 c:/users/suraj/appdata/local/arduino15/internal/arduino_arm-none-eabi-gcc_7-2017q4_7b7be9f526b2cb64/bin/../lib/gcc/arm-none-eabi/7.2.1/../../../../arm-none-eabi/lib/thumb/v6-m\libm.a(lib_a-ef_sqrt.o)
                0x000066dc                __ieee754_sqrtf
 .text.matherr  0x00006790        0x4 c:/users/suraj/appdata/local/arduino15/internal/arduino_arm-none-eabi-gcc_7-2017q4_7b7be9f526b2cb64/bin/../lib/gcc/arm-none-eabi/7.2.1/../../../../arm-none-eabi/lib/thumb/v6-m\libm.a(lib_a-s_matherr.o)
                0x00006790                matherr
 .text.atanf    0x00006794      0x228 c:/users/suraj/appdata/local/arduino15/internal/arduino_arm-none-eabi-gcc_7-2017q4_7b7be9f526b2cb64/bin/../lib/gcc/arm-none-eabi/7.2.1/../../../../arm-none-eabi/lib/thumb/v6-m\libm.a(lib_a-sf_atan.o)
                0x00006794                atanf
 .text.fabsf    0x000069bc        0x8 c:/users/suraj/appdata/local/arduino15/internal/arduino_arm-none-eabi-gcc_7-2017q4_7b7be9f526b2cb64/bin/../lib/gcc/arm-none-eabi/7.2.1/../../../../arm-none-eabi/lib/thumb/v6-m\libm.a(lib_a-sf_fabs.o)
                0x000069bc                fabsf
 .text          0x000069c4       0x14 c:/users/suraj/appdata/local/arduino15/internal/arduino_arm-none-eabi-gcc_7-2017q4_7b7be9f526b2cb64/bin/../lib/gcc/arm-none-eabi/7.2.1/thumb/v6-m\libgcc.a(_thumb1_case_uqi.o)
                0x000069c4                __gnu_thumb1_case_uqi
 .text          0x000069d8      0x114 c:/users/suraj/appdata/local/arduino15/internal/arduino_arm-none-eabi-gcc_7-2017q4_7b7be9f526b2cb64/bin/../lib/gcc/arm-none-eabi/7.2.1/thumb/v6-m\libgcc.a(_udivsi3.o)
                0x000069d8                __aeabi_uidiv
                0x000069d8                __udivsi3
                0x00006ae4                __aeabi_uidivmod
 .text          0x00006aec        0x4 c:/users/suraj/appdata/local/arduino15/internal/arduino_arm-none-eabi-gcc_7-2017q4_7b7be9f526b2cb64/bin/../lib/gcc/arm-none-eabi/7.2.1/thumb/v6-m\libgcc.a(_dvmd_tls.o)
                0x00006aec                __aeabi_idiv0
                0x00006aec                __aeabi_ldiv0
 .text          0x00006af0       0x74 c:/users/suraj/appdata/local/arduino15/internal/arduino_arm-none-eabi-gcc_7-2017q4_7b7be9f526b2cb64/bin/../lib/gcc/arm-none-eabi/7.2.1/thumb/v6-m\libgcc.a(_arm_cmpsf2.o)
                0x00006af0                __aeabi_cfrcmple
                0x00006af8                __aeabi_cfcmpeq
                0x00006af8                __aeabi_cfcmple
                0x00006b08                __aeabi_fcmpeq
                0x00006b14                __aeabi_fcmplt
                0x00006b28                __aeabi_fcmple
                0x00006b3c                __aeabi_fcmpgt
                0x00006b50                __aeabi_fcmpge
 .text          0x00006b64      0x334 c:/users/suraj/appdata/local/arduino15/internal/arduino_arm-none-eabi-gcc_7-2017q4_7b7be9f526b2cb64/bin/../lib/gcc/arm-none-eabi/7.2.1/thumb/v6-m\libgcc.a(addsf3.o)
                0x00006b64                __aeabi_fadd
 .text          0x00006e98      0x224 c:/users/suraj/appdata/local/arduino15/internal/arduino_arm-none-eabi-gcc_7-2017q4_7b7be9f526b2cb64/bin/../lib/gcc/arm-none-eabi/7.2.1/thumb/v6-m\libgcc.a(divsf3.o)
                0x00006e98                __aeabi_fdiv
 .text          0x000070bc       0x50 c:/users/suraj/appdata/local/arduino15/internal/arduino_arm-none-eabi-gcc_7-2017q4_7b7be9f526b2cb64/bin/../lib/gcc/arm-none-eabi/7.2.1/thumb/v6-m\libgcc.a(eqsf2.o)
                0x000070bc                __eqsf2
                0x000070bc                __nesf2
 .text          0x0000710c       0x9c c:/users/suraj/appdata/local/arduino15/internal/arduino_arm-none-eabi-gcc_7-2017q4_7b7be9f526b2cb64/bin/../lib/gcc/arm-none-eabi/7.2.1/thumb/v6-m\libgcc.a(gesf2.o)
                0x0000710c                __gesf2
                0x0000710c                __gtsf2
 .text          0x000071a8       0xa0 c:/users/suraj/appdata/local/arduino15/internal/arduino_arm-none-eabi-gcc_7-2017q4_7b7be9f526b2cb64/bin/../lib/gcc/arm-none-eabi/7.2.1/thumb/v6-m\libgcc.a(lesf2.o)
                0x000071a8                __ltsf2
                0x000071a8                __lesf2
 .text          0x00007248      0x264 c:/users/suraj/appdata/local/arduino15/internal/arduino_arm-none-eabi-gcc_7-2017q4_7b7be9f526b2cb64/bin/../lib/gcc/arm-none-eabi/7.2.1/thumb/v6-m\libgcc.a(mulsf3.o)
                0x00007248                __aeabi_fmul
 .text          0x000074ac      0x388 c:/users/suraj/appdata/local/arduino15/internal/arduino_arm-none-eabi-gcc_7-2017q4_7b7be9f526b2cb64/bin/../lib/gcc/arm-none-eabi/7.2.1/thumb/v6-m\libgcc.a(subsf3.o)
                0x000074ac                __aeabi_fsub
 .text          0x00007834       0x2c c:/users/suraj/appdata/local/arduino15/internal/arduino_arm-none-eabi-gcc_7-2017q4_7b7be9f526b2cb64/bin/../lib/gcc/arm-none-eabi/7.2.1/thumb/v6-m\libgcc.a(unordsf2.o)
                0x00007834                __aeabi_fcmpun
 .text          0x00007860       0x40 c:/users/suraj/appdata/local/arduino15/internal/arduino_arm-none-eabi-gcc_7-2017q4_7b7be9f526b2cb64/bin/../lib/gcc/arm-none-eabi/7.2.1/thumb/v6-m\libgcc.a(fixsfsi.o)
                0x00007860                __aeabi_f2iz
 .text          0x000078a0       0x94 c:/users/suraj/appdata/local/arduino15/internal/arduino_arm-none-eabi-gcc_7-2017q4_7b7be9f526b2cb64/bin/../lib/gcc/arm-none-eabi/7.2.1/thumb/v6-m\libgcc.a(floatsisf.o)
                0x000078a0                __aeabi_i2f
 .text          0x00007934      0x638 c:/users/suraj/appdata/local/arduino15/internal/arduino_arm-none-eabi-gcc_7-2017q4_7b7be9f526b2cb64/bin/../lib/gcc/arm-none-eabi/7.2.1/thumb/v6-m\libgcc.a(adddf3.o)
                0x00007934                __aeabi_dadd
 .text          0x00007f6c      0x604 c:/users/suraj/appdata/local/arduino15/internal/arduino_arm-none-eabi-gcc_7-2017q4_7b7be9f526b2cb64/bin/../lib/gcc/arm-none-eabi/7.2.1/thumb/v6-m\libgcc.a(divdf3.o)
                0x00007f6c                __aeabi_ddiv
 .text          0x00008570      0x4e4 c:/users/suraj/appdata/local/arduino15/internal/arduino_arm-none-eabi-gcc_7-2017q4_7b7be9f526b2cb64/bin/../lib/gcc/arm-none-eabi/7.2.1/thumb/v6-m\libgcc.a(muldf3.o)
                0x00008570                __aeabi_dmul
 .text          0x00008a54      0x690 c:/users/suraj/appdata/local/arduino15/internal/arduino_arm-none-eabi-gcc_7-2017q4_7b7be9f526b2cb64/bin/../lib/gcc/arm-none-eabi/7.2.1/thumb/v6-m\libgcc.a(subdf3.o)
                0x00008a54                __aeabi_dsub
 .text          0x000090e4       0x6c c:/users/suraj/appdata/local/arduino15/internal/arduino_arm-none-eabi-gcc_7-2017q4_7b7be9f526b2cb64/bin/../lib/gcc/arm-none-eabi/7.2.1/thumb/v6-m\libgcc.a(fixdfsi.o)
                0x000090e4                __aeabi_d2iz
 .text          0x00009150       0x74 c:/users/suraj/appdata/local/arduino15/internal/arduino_arm-none-eabi-gcc_7-2017q4_7b7be9f526b2cb64/bin/../lib/gcc/arm-none-eabi/7.2.1/thumb/v6-m\libgcc.a(floatsidf.o)
                0x00009150                __aeabi_i2d
 .text          0x000091c4       0x64 c:/users/suraj/appdata/local/arduino15/internal/arduino_arm-none-eabi-gcc_7-2017q4_7b7be9f526b2cb64/bin/../lib/gcc/arm-none-eabi/7.2.1/thumb/v6-m\libgcc.a(floatunsidf.o)
                0x000091c4                __aeabi_ui2d
 .text          0x00009228       0xa4 c:/users/suraj/appdata/local/arduino15/internal/arduino_arm-none-eabi-gcc_7-2017q4_7b7be9f526b2cb64/bin/../lib/gcc/arm-none-eabi/7.2.1/thumb/v6-m\libgcc.a(extendsfdf2.o)
                0x00009228                __aeabi_f2d
 .text          0x000092cc      0x108 c:/users/suraj/appdata/local/arduino15/internal/arduino_arm-none-eabi-gcc_7-2017q4_7b7be9f526b2cb64/bin/../lib/gcc/arm-none-eabi/7.2.1/thumb/v6-m\libgcc.a(truncdfsf2.o)
                0x000092cc                __aeabi_d2f
 .text          0x000093d4       0x3c c:/users/suraj/appdata/local/arduino15/internal/arduino_arm-none-eabi-gcc_7-2017q4_7b7be9f526b2cb64/bin/../lib/gcc/arm-none-eabi/7.2.1/thumb/v6-m\libgcc.a(_clzsi2.o)
                0x000093d4                __clzsi2
 .text.__cxa_atexit
                0x00009410       0x1c c:/users/suraj/appdata/local/arduino15/internal/arduino_arm-none-eabi-gcc_7-2017q4_7b7be9f526b2cb64/bin/../lib/gcc/arm-none-eabi/7.2.1/../../../../arm-none-eabi/lib/thumb/v6-m\libc_nano.a(lib_a-cxa_atexit.o)
                0x00009410                __cxa_atexit
 .text.__errno  0x0000942c        0xc c:/users/suraj/appdata/local/arduino15/internal/arduino_arm-none-eabi-gcc_7-2017q4_7b7be9f526b2cb64/bin/../lib/gcc/arm-none-eabi/7.2.1/../../../../arm-none-eabi/lib/thumb/v6-m\libc_nano.a(lib_a-errno.o)
                0x0000942c                __errno
 .text.__libc_init_array
                0x00009438       0x48 c:/users/suraj/appdata/local/arduino15/internal/arduino_arm-none-eabi-gcc_7-2017q4_7b7be9f526b2cb64/bin/../lib/gcc/arm-none-eabi/7.2.1/../../../../arm-none-eabi/lib/thumb/v6-m\libc_nano.a(lib_a-init.o)
                0x00009438                __libc_init_array
 .text.malloc   0x00009480       0x14 c:/users/suraj/appdata/local/arduino15/internal/arduino_arm-none-eabi-gcc_7-2017q4_7b7be9f526b2cb64/bin/../lib/gcc/arm-none-eabi/7.2.1/../../../../arm-none-eabi/lib/thumb/v6-m\libc_nano.a(lib_a-malloc.o)
                0x00009480                malloc
 .text.free     0x00009494       0x14 c:/users/suraj/appdata/local/arduino15/internal/arduino_arm-none-eabi-gcc_7-2017q4_7b7be9f526b2cb64/bin/../lib/gcc/arm-none-eabi/7.2.1/../../../../arm-none-eabi/lib/thumb/v6-m\libc_nano.a(lib_a-malloc.o)
                0x00009494                free
 .text.memcpy   0x000094a8       0x12 c:/users/suraj/appdata/local/arduino15/internal/arduino_arm-none-eabi-gcc_7-2017q4_7b7be9f526b2cb64/bin/../lib/gcc/arm-none-eabi/7.2.1/../../../../arm-none-eabi/lib/thumb/v6-m\libc_nano.a(lib_a-memcpy-stub.o)
                0x000094a8                memcpy
 .text.memset   0x000094ba       0x10 c:/users/suraj/appdata/local/arduino15/internal/arduino_arm-none-eabi-gcc_7-2017q4_7b7be9f526b2cb64/bin/../lib/gcc/arm-none-eabi/7.2.1/../../../../arm-none-eabi/lib/thumb/v6-m\libc_nano.a(lib_a-memset.o)
                0x000094ba                memset
 *fill*         0x000094ca        0x2 
 .text._free_r  0x000094cc       0x94 c:/users/suraj/appdata/local/arduino15/internal/arduino_arm-none-eabi-gcc_7-2017q4_7b7be9f526b2cb64/bin/../lib/gcc/arm-none-eabi/7.2.1/../../../../arm-none-eabi/lib/thumb/v6-m\libc_nano.a(lib_a-nano-freer.o)
                0x000094cc                _free_r
 .text._malloc_r